Archive member included because of file (symbol)

C:\Users\Conrad\Documents\LPCXpresso_6.1.2_177\workspace\CMSIS_CORE_LPC11xx\Debug\libCMSIS_CORE_LPC11xx.a(system_LPC11xx.o)
                              ./src/cr_startup_lpc11xx.o (SystemInit)
c:/nxp/lpcxpresso_6.1.2_177/lpcxpresso/tools/bin/../lib/gcc/arm-none-eabi/4.6.2/../../../../arm-none-eabi/lib/armv6-m\libcr_semihost.a(_cr__main.o)
                              ./src/cr_startup_lpc11xx.o (__main)
c:/nxp/lpcxpresso_6.1.2_177/lpcxpresso/tools/bin/../lib/gcc/arm-none-eabi/4.6.2/../../../../arm-none-eabi/lib/armv6-m\libcr_c.a(initio.o)
                              c:/nxp/lpcxpresso_6.1.2_177/lpcxpresso/tools/bin/../lib/gcc/arm-none-eabi/4.6.2/../../../../arm-none-eabi/lib/armv6-m\libcr_semihost.a(_cr__main.o) (_initio)
c:/nxp/lpcxpresso_6.1.2_177/lpcxpresso/tools/bin/../lib/gcc/arm-none-eabi/4.6.2/../../../../arm-none-eabi/lib/armv6-m\libcr_c.a(setvbuf.o)
                              c:/nxp/lpcxpresso_6.1.2_177/lpcxpresso/tools/bin/../lib/gcc/arm-none-eabi/4.6.2/../../../../arm-none-eabi/lib/armv6-m\libcr_c.a(initio.o) (setvbuf)
c:/nxp/lpcxpresso_6.1.2_177/lpcxpresso/tools/bin/../lib/gcc/arm-none-eabi/4.6.2/../../../../arm-none-eabi/lib/armv6-m\libcr_c.a(stdio.o)
                              c:/nxp/lpcxpresso_6.1.2_177/lpcxpresso/tools/bin/../lib/gcc/arm-none-eabi/4.6.2/../../../../arm-none-eabi/lib/armv6-m\libcr_c.a(initio.o) (__Ciob)
c:/nxp/lpcxpresso_6.1.2_177/lpcxpresso/tools/bin/../lib/gcc/arm-none-eabi/4.6.2/../../../../arm-none-eabi/lib/armv6-m\libcr_c.a(memset.o)
                              c:/nxp/lpcxpresso_6.1.2_177/lpcxpresso/tools/bin/../lib/gcc/arm-none-eabi/4.6.2/../../../../arm-none-eabi/lib/armv6-m\libcr_c.a(initio.o) (memset)
c:/nxp/lpcxpresso_6.1.2_177/lpcxpresso/tools/bin/../lib/gcc/arm-none-eabi/4.6.2/../../../../arm-none-eabi/lib/armv6-m\libcr_c.a(__fillbuf.o)
                              c:/nxp/lpcxpresso_6.1.2_177/lpcxpresso/tools/bin/../lib/gcc/arm-none-eabi/4.6.2/../../../../arm-none-eabi/lib/armv6-m\libcr_c.a(stdio.o) (__filbuf)
c:/nxp/lpcxpresso_6.1.2_177/lpcxpresso/tools/bin/../lib/gcc/arm-none-eabi/4.6.2/../../../../arm-none-eabi/lib/armv6-m\libcr_c.a(_deferredlazyseek.o)
                              c:/nxp/lpcxpresso_6.1.2_177/lpcxpresso/tools/bin/../lib/gcc/arm-none-eabi/4.6.2/../../../../arm-none-eabi/lib/armv6-m\libcr_c.a(__fillbuf.o) (_deferredlazyseek)
c:/nxp/lpcxpresso_6.1.2_177/lpcxpresso/tools/bin/../lib/gcc/arm-none-eabi/4.6.2/../../../../arm-none-eabi/lib/armv6-m\libcr_c.a(_fdopen.o)
                              c:/nxp/lpcxpresso_6.1.2_177/lpcxpresso/tools/bin/../lib/gcc/arm-none-eabi/4.6.2/../../../../arm-none-eabi/lib/armv6-m\libcr_c.a(initio.o) (_fdopen)
c:/nxp/lpcxpresso_6.1.2_177/lpcxpresso/tools/bin/../lib/gcc/arm-none-eabi/4.6.2/../../../../arm-none-eabi/lib/armv6-m\libcr_c.a(_fflush.o)
                              c:/nxp/lpcxpresso_6.1.2_177/lpcxpresso/tools/bin/../lib/gcc/arm-none-eabi/4.6.2/../../../../arm-none-eabi/lib/armv6-m\libcr_c.a(__fillbuf.o) (_fflush)
c:/nxp/lpcxpresso_6.1.2_177/lpcxpresso/tools/bin/../lib/gcc/arm-none-eabi/4.6.2/../../../../arm-none-eabi/lib/armv6-m\libcr_c.a(_writebuf.o)
                              c:/nxp/lpcxpresso_6.1.2_177/lpcxpresso/tools/bin/../lib/gcc/arm-none-eabi/4.6.2/../../../../arm-none-eabi/lib/armv6-m\libcr_c.a(_deferredlazyseek.o) (_Cwritebuf)
c:/nxp/lpcxpresso_6.1.2_177/lpcxpresso/tools/bin/../lib/gcc/arm-none-eabi/4.6.2/../../../../arm-none-eabi/lib/armv6-m\libcr_c.a(alloc.o)
                              c:/nxp/lpcxpresso_6.1.2_177/lpcxpresso/tools/bin/../lib/gcc/arm-none-eabi/4.6.2/../../../../arm-none-eabi/lib/armv6-m\libcr_c.a(initio.o) (_Csys_alloc)
c:/nxp/lpcxpresso_6.1.2_177/lpcxpresso/tools/bin/../lib/gcc/arm-none-eabi/4.6.2/../../../../arm-none-eabi/lib/armv6-m\libcr_c.a(fclose.o)
                              c:/nxp/lpcxpresso_6.1.2_177/lpcxpresso/tools/bin/../lib/gcc/arm-none-eabi/4.6.2/../../../../arm-none-eabi/lib/armv6-m\libcr_c.a(initio.o) (fclose)
c:/nxp/lpcxpresso_6.1.2_177/lpcxpresso/tools/bin/../lib/gcc/arm-none-eabi/4.6.2/../../../../arm-none-eabi/lib/armv6-m\libcr_c.a(fflush.o)
                              c:/nxp/lpcxpresso_6.1.2_177/lpcxpresso/tools/bin/../lib/gcc/arm-none-eabi/4.6.2/../../../../arm-none-eabi/lib/armv6-m\libcr_c.a(fclose.o) (fflush)
c:/nxp/lpcxpresso_6.1.2_177/lpcxpresso/tools/bin/../lib/gcc/arm-none-eabi/4.6.2/../../../../arm-none-eabi/lib/armv6-m\libcr_c.a(fseek.o)
                              c:/nxp/lpcxpresso_6.1.2_177/lpcxpresso/tools/bin/../lib/gcc/arm-none-eabi/4.6.2/../../../../arm-none-eabi/lib/armv6-m\libcr_c.a(_deferredlazyseek.o) (fseek)
c:/nxp/lpcxpresso_6.1.2_177/lpcxpresso/tools/bin/../lib/gcc/arm-none-eabi/4.6.2/../../../../arm-none-eabi/lib/armv6-m\libcr_c.a(ftell.o)
                              c:/nxp/lpcxpresso_6.1.2_177/lpcxpresso/tools/bin/../lib/gcc/arm-none-eabi/4.6.2/../../../../arm-none-eabi/lib/armv6-m\libcr_c.a(fseek.o) (ftell)
c:/nxp/lpcxpresso_6.1.2_177/lpcxpresso/tools/bin/../lib/gcc/arm-none-eabi/4.6.2/../../../../arm-none-eabi/lib/armv6-m\libcr_c.a(remove.o)
                              c:/nxp/lpcxpresso_6.1.2_177/lpcxpresso/tools/bin/../lib/gcc/arm-none-eabi/4.6.2/../../../../arm-none-eabi/lib/armv6-m\libcr_c.a(fclose.o) (remove)
c:/nxp/lpcxpresso_6.1.2_177/lpcxpresso/tools/bin/../lib/gcc/arm-none-eabi/4.6.2/../../../../arm-none-eabi/lib/armv6-m\libcr_c.a(strlen.o)
                              c:/nxp/lpcxpresso_6.1.2_177/lpcxpresso/tools/bin/../lib/gcc/arm-none-eabi/4.6.2/../../../../arm-none-eabi/lib/armv6-m\libcr_c.a(remove.o) (strlen)
c:/nxp/lpcxpresso_6.1.2_177/lpcxpresso/tools/bin/../lib/gcc/arm-none-eabi/4.6.2/../../../../arm-none-eabi/lib/armv6-m\libcr_c.a(memcpy.o)
                              c:/nxp/lpcxpresso_6.1.2_177/lpcxpresso/tools/bin/../lib/gcc/arm-none-eabi/4.6.2/../../../../arm-none-eabi/lib/armv6-m\libcr_c.a(alloc.o) (memcpy)
c:/nxp/lpcxpresso_6.1.2_177/lpcxpresso/tools/bin/../lib/gcc/arm-none-eabi/4.6.2/../../../../arm-none-eabi/lib/armv6-m\libcr_c.a(__init_alloc.o)
                              c:/nxp/lpcxpresso_6.1.2_177/lpcxpresso/tools/bin/../lib/gcc/arm-none-eabi/4.6.2/../../../../arm-none-eabi/lib/armv6-m\libcr_c.a(alloc.o) (__heaps)
c:/nxp/lpcxpresso_6.1.2_177/lpcxpresso/tools/bin/../lib/gcc/arm-none-eabi/4.6.2/../../../../arm-none-eabi/lib/armv6-m\libcr_c.a(_do_fflush.o)
                              c:/nxp/lpcxpresso_6.1.2_177/lpcxpresso/tools/bin/../lib/gcc/arm-none-eabi/4.6.2/../../../../arm-none-eabi/lib/armv6-m\libcr_c.a(fflush.o) (_do_fflush)
c:/nxp/lpcxpresso_6.1.2_177/lpcxpresso/tools/bin/../lib/gcc/arm-none-eabi/4.6.2/../../../../arm-none-eabi/lib/armv6-m\libcr_c.a(errno.o)
                              c:/nxp/lpcxpresso_6.1.2_177/lpcxpresso/tools/bin/../lib/gcc/arm-none-eabi/4.6.2/../../../../arm-none-eabi/lib/armv6-m\libcr_c.a(ftell.o) (errno)
c:/nxp/lpcxpresso_6.1.2_177/lpcxpresso/tools/bin/../lib/gcc/arm-none-eabi/4.6.2/armv6-m\libcr_eabihelpers.a(division.o)
                              ./drivers/timer32.o (__aeabi_uidiv)
c:/nxp/lpcxpresso_6.1.2_177/lpcxpresso/tools/bin/../lib/gcc/arm-none-eabi/4.6.2/armv6-m\libcr_eabihelpers.a(memcpy.o)
                              c:/nxp/lpcxpresso_6.1.2_177/lpcxpresso/tools/bin/../lib/gcc/arm-none-eabi/4.6.2/../../../../arm-none-eabi/lib/armv6-m\libcr_c.a(memcpy.o) (__aeabi_memcpy)
c:/nxp/lpcxpresso_6.1.2_177/lpcxpresso/tools/bin/../lib/gcc/arm-none-eabi/4.6.2/../../../../arm-none-eabi/lib/armv6-m\libcr_semihost.a(__sys_appexit.o)
                              c:/nxp/lpcxpresso_6.1.2_177/lpcxpresso/tools/bin/../lib/gcc/arm-none-eabi/4.6.2/../../../../arm-none-eabi/lib/armv6-m\libcr_c.a(alloc.o) (__sys_appexit)
c:/nxp/lpcxpresso_6.1.2_177/lpcxpresso/tools/bin/../lib/gcc/arm-none-eabi/4.6.2/../../../../arm-none-eabi/lib/armv6-m\libcr_semihost.a(__sys_close.o)
                              c:/nxp/lpcxpresso_6.1.2_177/lpcxpresso/tools/bin/../lib/gcc/arm-none-eabi/4.6.2/../../../../arm-none-eabi/lib/armv6-m\libcr_c.a(fclose.o) (__sys_close)
c:/nxp/lpcxpresso_6.1.2_177/lpcxpresso/tools/bin/../lib/gcc/arm-none-eabi/4.6.2/../../../../arm-none-eabi/lib/armv6-m\libcr_semihost.a(__sys_flen.o)
                              c:/nxp/lpcxpresso_6.1.2_177/lpcxpresso/tools/bin/../lib/gcc/arm-none-eabi/4.6.2/../../../../arm-none-eabi/lib/armv6-m\libcr_c.a(_writebuf.o) (__sys_flen)
c:/nxp/lpcxpresso_6.1.2_177/lpcxpresso/tools/bin/../lib/gcc/arm-none-eabi/4.6.2/../../../../arm-none-eabi/lib/armv6-m\libcr_semihost.a(__sys_istty.o)
                              c:/nxp/lpcxpresso_6.1.2_177/lpcxpresso/tools/bin/../lib/gcc/arm-none-eabi/4.6.2/../../../../arm-none-eabi/lib/armv6-m\libcr_c.a(_deferredlazyseek.o) (__sys_istty)
c:/nxp/lpcxpresso_6.1.2_177/lpcxpresso/tools/bin/../lib/gcc/arm-none-eabi/4.6.2/../../../../arm-none-eabi/lib/armv6-m\libcr_semihost.a(__sys_read.o)
                              c:/nxp/lpcxpresso_6.1.2_177/lpcxpresso/tools/bin/../lib/gcc/arm-none-eabi/4.6.2/../../../../arm-none-eabi/lib/armv6-m\libcr_c.a(__fillbuf.o) (__sys_read)
c:/nxp/lpcxpresso_6.1.2_177/lpcxpresso/tools/bin/../lib/gcc/arm-none-eabi/4.6.2/../../../../arm-none-eabi/lib/armv6-m\libcr_semihost.a(__sys_readc.o)
                              c:/nxp/lpcxpresso_6.1.2_177/lpcxpresso/tools/bin/../lib/gcc/arm-none-eabi/4.6.2/../../../../arm-none-eabi/lib/armv6-m\libcr_c.a(__fillbuf.o) (__sys_readc)
c:/nxp/lpcxpresso_6.1.2_177/lpcxpresso/tools/bin/../lib/gcc/arm-none-eabi/4.6.2/../../../../arm-none-eabi/lib/armv6-m\libcr_semihost.a(__sys_remove.o)
                              c:/nxp/lpcxpresso_6.1.2_177/lpcxpresso/tools/bin/../lib/gcc/arm-none-eabi/4.6.2/../../../../arm-none-eabi/lib/armv6-m\libcr_c.a(remove.o) (__sys_remove)
c:/nxp/lpcxpresso_6.1.2_177/lpcxpresso/tools/bin/../lib/gcc/arm-none-eabi/4.6.2/../../../../arm-none-eabi/lib/armv6-m\libcr_semihost.a(__sys_rename.o)
                              c:/nxp/lpcxpresso_6.1.2_177/lpcxpresso/tools/bin/../lib/gcc/arm-none-eabi/4.6.2/../../../../arm-none-eabi/lib/armv6-m\libcr_c.a(remove.o) (__sys_rename)
c:/nxp/lpcxpresso_6.1.2_177/lpcxpresso/tools/bin/../lib/gcc/arm-none-eabi/4.6.2/../../../../arm-none-eabi/lib/armv6-m\libcr_semihost.a(__sys_seek.o)
                              c:/nxp/lpcxpresso_6.1.2_177/lpcxpresso/tools/bin/../lib/gcc/arm-none-eabi/4.6.2/../../../../arm-none-eabi/lib/armv6-m\libcr_c.a(__fillbuf.o) (__sys_seek)
c:/nxp/lpcxpresso_6.1.2_177/lpcxpresso/tools/bin/../lib/gcc/arm-none-eabi/4.6.2/../../../../arm-none-eabi/lib/armv6-m\libcr_semihost.a(__sys_tmpnam.o)
                              c:/nxp/lpcxpresso_6.1.2_177/lpcxpresso/tools/bin/../lib/gcc/arm-none-eabi/4.6.2/../../../../arm-none-eabi/lib/armv6-m\libcr_c.a(fclose.o) (__sys_tmpnam)
c:/nxp/lpcxpresso_6.1.2_177/lpcxpresso/tools/bin/../lib/gcc/arm-none-eabi/4.6.2/../../../../arm-none-eabi/lib/armv6-m\libcr_semihost.a(__sys_write.o)
                              c:/nxp/lpcxpresso_6.1.2_177/lpcxpresso/tools/bin/../lib/gcc/arm-none-eabi/4.6.2/../../../../arm-none-eabi/lib/armv6-m\libcr_c.a(_writebuf.o) (__sys_write)
c:/nxp/lpcxpresso_6.1.2_177/lpcxpresso/tools/bin/../lib/gcc/arm-none-eabi/4.6.2/../../../../arm-none-eabi/lib/armv6-m\libcr_semihost.a(_cr_sbrk.o)
                              c:/nxp/lpcxpresso_6.1.2_177/lpcxpresso/tools/bin/../lib/gcc/arm-none-eabi/4.6.2/../../../../arm-none-eabi/lib/armv6-m\libcr_c.a(alloc.o) (_sbrk)
c:/nxp/lpcxpresso_6.1.2_177/lpcxpresso/tools/bin/../lib/gcc/arm-none-eabi/4.6.2/../../../../arm-none-eabi/lib/armv6-m\libcr_semihost.a(_cr_check_heap.o)
                              c:/nxp/lpcxpresso_6.1.2_177/lpcxpresso/tools/bin/../lib/gcc/arm-none-eabi/4.6.2/../../../../arm-none-eabi/lib/armv6-m\libcr_semihost.a(_cr_sbrk.o) (__check_heap_overflow)

Allocating common symbols
Common symbol       size              file

_extra              0x4               c:/nxp/lpcxpresso_6.1.2_177/lpcxpresso/tools/bin/../lib/gcc/arm-none-eabi/4.6.2/../../../../arm-none-eabi/lib/armv6-m\libcr_c.a(initio.o)
__heaps             0x4               c:/nxp/lpcxpresso_6.1.2_177/lpcxpresso/tools/bin/../lib/gcc/arm-none-eabi/4.6.2/../../../../arm-none-eabi/lib/armv6-m\libcr_c.a(__init_alloc.o)
__end_of_heap       0x4               c:/nxp/lpcxpresso_6.1.2_177/lpcxpresso/tools/bin/../lib/gcc/arm-none-eabi/4.6.2/../../../../arm-none-eabi/lib/armv6-m\libcr_c.a(__init_alloc.o)
__Ciob              0x140             c:/nxp/lpcxpresso_6.1.2_177/lpcxpresso/tools/bin/../lib/gcc/arm-none-eabi/4.6.2/../../../../arm-none-eabi/lib/armv6-m\libcr_c.a(stdio.o)

Discarded input sections

 .data          0x00000000        0x0 ./src/asm_fibinacci.o
 .bss           0x00000000        0x0 ./src/asm_fibinacci.o
 .text          0x00000000        0x0 ./src/cr_startup_lpc11xx.o
 .data          0x00000000        0x0 ./src/cr_startup_lpc11xx.o
 .bss           0x00000000        0x0 ./src/cr_startup_lpc11xx.o
 .text          0x00000000        0x0 ./src/crp.o
 .data          0x00000000        0x0 ./src/crp.o
 .bss           0x00000000        0x0 ./src/crp.o
 .crp           0x00000000        0x4 ./src/crp.o
 .text          0x00000000        0x0 ./src/main.o
 .data          0x00000000        0x0 ./src/main.o
 .bss           0x00000000        0x0 ./src/main.o
 .text          0x00000000        0x0 ./drivers/gpio.o
 .data          0x00000000        0x0 ./drivers/gpio.o
 .bss           0x00000000        0x0 ./drivers/gpio.o
 .rodata.LPC_GPIO
                0x00000000       0x10 ./drivers/gpio.o
 .text.GPIOInit
                0x00000000       0x1c ./drivers/gpio.o
 .text.GPIOSetInterrupt
                0x00000000      0x334 ./drivers/gpio.o
 .text.GPIOIntEnable
                0x00000000       0xa8 ./drivers/gpio.o
 .text.GPIOIntDisable
                0x00000000       0xa8 ./drivers/gpio.o
 .text.GPIOIntStatus
                0x00000000       0xb4 ./drivers/gpio.o
 .text.GPIOIntClear
                0x00000000       0xa8 ./drivers/gpio.o
 .text.GPIOSetValue
                0x00000000       0x38 ./drivers/gpio.o
 .text.GPIOSetDir
                0x00000000       0x74 ./drivers/gpio.o
 .text          0x00000000        0x0 ./drivers/timer32.o
 .data          0x00000000        0x0 ./drivers/timer32.o
 .bss           0x00000000        0x0 ./drivers/timer32.o
 .text.NVIC_EnableIRQ
                0x00000000       0x2c ./drivers/timer32.o
 .bss.timer32_0_period
                0x00000000        0x4 ./drivers/timer32.o
 .bss.timer32_1_period
                0x00000000        0x4 ./drivers/timer32.o
 .text.delay32Ms
                0x00000000       0xe4 ./drivers/timer32.o
 .text.enable_timer32
                0x00000000       0x30 ./drivers/timer32.o
 .text.disable_timer32
                0x00000000       0x30 ./drivers/timer32.o
 .text.reset_timer32
                0x00000000       0x4c ./drivers/timer32.o
 .text.init_timer32
                0x00000000      0x140 ./drivers/timer32.o
 .text.init_timer32PWM
                0x00000000      0x22c ./drivers/timer32.o
 .text.setMatch_timer32PWM
                0x00000000       0xa4 ./drivers/timer32.o
 .text          0x00000000        0x0 C:\Users\Conrad\Documents\LPCXpresso_6.1.2_177\workspace\CMSIS_CORE_LPC11xx\Debug\libCMSIS_CORE_LPC11xx.a(system_LPC11xx.o)
 .data          0x00000000        0x0 C:\Users\Conrad\Documents\LPCXpresso_6.1.2_177\workspace\CMSIS_CORE_LPC11xx\Debug\libCMSIS_CORE_LPC11xx.a(system_LPC11xx.o)
 .bss           0x00000000        0x0 C:\Users\Conrad\Documents\LPCXpresso_6.1.2_177\workspace\CMSIS_CORE_LPC11xx\Debug\libCMSIS_CORE_LPC11xx.a(system_LPC11xx.o)
 .text.SystemCoreClockUpdate
                0x00000000       0x9c C:\Users\Conrad\Documents\LPCXpresso_6.1.2_177\workspace\CMSIS_CORE_LPC11xx\Debug\libCMSIS_CORE_LPC11xx.a(system_LPC11xx.o)
 .rodata.CSWTCH.6
                0x00000000       0x40 C:\Users\Conrad\Documents\LPCXpresso_6.1.2_177\workspace\CMSIS_CORE_LPC11xx\Debug\libCMSIS_CORE_LPC11xx.a(system_LPC11xx.o)
 .data.SystemCoreClock
                0x00000000        0x4 C:\Users\Conrad\Documents\LPCXpresso_6.1.2_177\workspace\CMSIS_CORE_LPC11xx\Debug\libCMSIS_CORE_LPC11xx.a(system_LPC11xx.o)
 .text          0x00000000        0x0 c:/nxp/lpcxpresso_6.1.2_177/lpcxpresso/tools/bin/../lib/gcc/arm-none-eabi/4.6.2/../../../../arm-none-eabi/lib/armv6-m\libcr_semihost.a(_cr__main.o)
 .data          0x00000000        0x0 c:/nxp/lpcxpresso_6.1.2_177/lpcxpresso/tools/bin/../lib/gcc/arm-none-eabi/4.6.2/../../../../arm-none-eabi/lib/armv6-m\libcr_semihost.a(_cr__main.o)
 .bss           0x00000000        0x0 c:/nxp/lpcxpresso_6.1.2_177/lpcxpresso/tools/bin/../lib/gcc/arm-none-eabi/4.6.2/../../../../arm-none-eabi/lib/armv6-m\libcr_semihost.a(_cr__main.o)
 .text          0x00000000        0x0 c:/nxp/lpcxpresso_6.1.2_177/lpcxpresso/tools/bin/../lib/gcc/arm-none-eabi/4.6.2/../../../../arm-none-eabi/lib/armv6-m\libcr_c.a(initio.o)
 .data          0x00000000        0x0 c:/nxp/lpcxpresso_6.1.2_177/lpcxpresso/tools/bin/../lib/gcc/arm-none-eabi/4.6.2/../../../../arm-none-eabi/lib/armv6-m\libcr_c.a(initio.o)
 .bss           0x00000000        0x0 c:/nxp/lpcxpresso_6.1.2_177/lpcxpresso/tools/bin/../lib/gcc/arm-none-eabi/4.6.2/../../../../arm-none-eabi/lib/armv6-m\libcr_c.a(initio.o)
 .text._terminateio
                0x00000000       0x3c c:/nxp/lpcxpresso_6.1.2_177/lpcxpresso/tools/bin/../lib/gcc/arm-none-eabi/4.6.2/../../../../arm-none-eabi/lib/armv6-m\libcr_c.a(initio.o)
 .text          0x00000000        0x0 c:/nxp/lpcxpresso_6.1.2_177/lpcxpresso/tools/bin/../lib/gcc/arm-none-eabi/4.6.2/../../../../arm-none-eabi/lib/armv6-m\libcr_c.a(setvbuf.o)
 .data          0x00000000        0x0 c:/nxp/lpcxpresso_6.1.2_177/lpcxpresso/tools/bin/../lib/gcc/arm-none-eabi/4.6.2/../../../../arm-none-eabi/lib/armv6-m\libcr_c.a(setvbuf.o)
 .bss           0x00000000        0x0 c:/nxp/lpcxpresso_6.1.2_177/lpcxpresso/tools/bin/../lib/gcc/arm-none-eabi/4.6.2/../../../../arm-none-eabi/lib/armv6-m\libcr_c.a(setvbuf.o)
 .text          0x00000000        0x0 c:/nxp/lpcxpresso_6.1.2_177/lpcxpresso/tools/bin/../lib/gcc/arm-none-eabi/4.6.2/../../../../arm-none-eabi/lib/armv6-m\libcr_c.a(stdio.o)
 .data          0x00000000        0x0 c:/nxp/lpcxpresso_6.1.2_177/lpcxpresso/tools/bin/../lib/gcc/arm-none-eabi/4.6.2/../../../../arm-none-eabi/lib/armv6-m\libcr_c.a(stdio.o)
 .bss           0x00000000        0x0 c:/nxp/lpcxpresso_6.1.2_177/lpcxpresso/tools/bin/../lib/gcc/arm-none-eabi/4.6.2/../../../../arm-none-eabi/lib/armv6-m\libcr_c.a(stdio.o)
 .text.fgetc    0x00000000       0x1e c:/nxp/lpcxpresso_6.1.2_177/lpcxpresso/tools/bin/../lib/gcc/arm-none-eabi/4.6.2/../../../../arm-none-eabi/lib/armv6-m\libcr_c.a(stdio.o)
 .text.fputc    0x00000000       0x1e c:/nxp/lpcxpresso_6.1.2_177/lpcxpresso/tools/bin/../lib/gcc/arm-none-eabi/4.6.2/../../../../arm-none-eabi/lib/armv6-m\libcr_c.a(stdio.o)
 .text.getc     0x00000000       0x1e c:/nxp/lpcxpresso_6.1.2_177/lpcxpresso/tools/bin/../lib/gcc/arm-none-eabi/4.6.2/../../../../arm-none-eabi/lib/armv6-m\libcr_c.a(stdio.o)
 .text.getchar  0x00000000       0x24 c:/nxp/lpcxpresso_6.1.2_177/lpcxpresso/tools/bin/../lib/gcc/arm-none-eabi/4.6.2/../../../../arm-none-eabi/lib/armv6-m\libcr_c.a(stdio.o)
 .text.putc     0x00000000       0x1e c:/nxp/lpcxpresso_6.1.2_177/lpcxpresso/tools/bin/../lib/gcc/arm-none-eabi/4.6.2/../../../../arm-none-eabi/lib/armv6-m\libcr_c.a(stdio.o)
 .text.putchar  0x00000000       0x28 c:/nxp/lpcxpresso_6.1.2_177/lpcxpresso/tools/bin/../lib/gcc/arm-none-eabi/4.6.2/../../../../arm-none-eabi/lib/armv6-m\libcr_c.a(stdio.o)
 .text.feof     0x00000000        0x8 c:/nxp/lpcxpresso_6.1.2_177/lpcxpresso/tools/bin/../lib/gcc/arm-none-eabi/4.6.2/../../../../arm-none-eabi/lib/armv6-m\libcr_c.a(stdio.o)
 .text.ferror   0x00000000        0x8 c:/nxp/lpcxpresso_6.1.2_177/lpcxpresso/tools/bin/../lib/gcc/arm-none-eabi/4.6.2/../../../../arm-none-eabi/lib/armv6-m\libcr_c.a(stdio.o)
 .text.clearerr
                0x00000000       0x10 c:/nxp/lpcxpresso_6.1.2_177/lpcxpresso/tools/bin/../lib/gcc/arm-none-eabi/4.6.2/../../../../arm-none-eabi/lib/armv6-m\libcr_c.a(stdio.o)
 .text          0x00000000        0x0 c:/nxp/lpcxpresso_6.1.2_177/lpcxpresso/tools/bin/../lib/gcc/arm-none-eabi/4.6.2/../../../../arm-none-eabi/lib/armv6-m\libcr_c.a(memset.o)
 .data          0x00000000        0x0 c:/nxp/lpcxpresso_6.1.2_177/lpcxpresso/tools/bin/../lib/gcc/arm-none-eabi/4.6.2/../../../../arm-none-eabi/lib/armv6-m\libcr_c.a(memset.o)
 .bss           0x00000000        0x0 c:/nxp/lpcxpresso_6.1.2_177/lpcxpresso/tools/bin/../lib/gcc/arm-none-eabi/4.6.2/../../../../arm-none-eabi/lib/armv6-m\libcr_c.a(memset.o)
 .text          0x00000000        0x0 c:/nxp/lpcxpresso_6.1.2_177/lpcxpresso/tools/bin/../lib/gcc/arm-none-eabi/4.6.2/../../../../arm-none-eabi/lib/armv6-m\libcr_c.a(__fillbuf.o)
 .data          0x00000000        0x0 c:/nxp/lpcxpresso_6.1.2_177/lpcxpresso/tools/bin/../lib/gcc/arm-none-eabi/4.6.2/../../../../arm-none-eabi/lib/armv6-m\libcr_c.a(__fillbuf.o)
 .bss           0x00000000        0x0 c:/nxp/lpcxpresso_6.1.2_177/lpcxpresso/tools/bin/../lib/gcc/arm-none-eabi/4.6.2/../../../../arm-none-eabi/lib/armv6-m\libcr_c.a(__fillbuf.o)
 .text._Csys_read_
                0x00000000       0x22 c:/nxp/lpcxpresso_6.1.2_177/lpcxpresso/tools/bin/../lib/gcc/arm-none-eabi/4.6.2/../../../../arm-none-eabi/lib/armv6-m\libcr_c.a(__fillbuf.o)
 .text.__filbuf
                0x00000000      0x184 c:/nxp/lpcxpresso_6.1.2_177/lpcxpresso/tools/bin/../lib/gcc/arm-none-eabi/4.6.2/../../../../arm-none-eabi/lib/armv6-m\libcr_c.a(__fillbuf.o)
 .text._fillb2  0x00000000       0x1c c:/nxp/lpcxpresso_6.1.2_177/lpcxpresso/tools/bin/../lib/gcc/arm-none-eabi/4.6.2/../../../../arm-none-eabi/lib/armv6-m\libcr_c.a(__fillbuf.o)
 .text          0x00000000        0x0 c:/nxp/lpcxpresso_6.1.2_177/lpcxpresso/tools/bin/../lib/gcc/arm-none-eabi/4.6.2/../../../../arm-none-eabi/lib/armv6-m\libcr_c.a(_deferredlazyseek.o)
 .data          0x00000000        0x0 c:/nxp/lpcxpresso_6.1.2_177/lpcxpresso/tools/bin/../lib/gcc/arm-none-eabi/4.6.2/../../../../arm-none-eabi/lib/armv6-m\libcr_c.a(_deferredlazyseek.o)
 .bss           0x00000000        0x0 c:/nxp/lpcxpresso_6.1.2_177/lpcxpresso/tools/bin/../lib/gcc/arm-none-eabi/4.6.2/../../../../arm-none-eabi/lib/armv6-m\libcr_c.a(_deferredlazyseek.o)
 .text.__flsbuf
                0x00000000      0x154 c:/nxp/lpcxpresso_6.1.2_177/lpcxpresso/tools/bin/../lib/gcc/arm-none-eabi/4.6.2/../../../../arm-none-eabi/lib/armv6-m\libcr_c.a(_deferredlazyseek.o)
 .text          0x00000000        0x0 c:/nxp/lpcxpresso_6.1.2_177/lpcxpresso/tools/bin/../lib/gcc/arm-none-eabi/4.6.2/../../../../arm-none-eabi/lib/armv6-m\libcr_c.a(_fdopen.o)
 .data          0x00000000        0x0 c:/nxp/lpcxpresso_6.1.2_177/lpcxpresso/tools/bin/../lib/gcc/arm-none-eabi/4.6.2/../../../../arm-none-eabi/lib/armv6-m\libcr_c.a(_fdopen.o)
 .bss           0x00000000        0x0 c:/nxp/lpcxpresso_6.1.2_177/lpcxpresso/tools/bin/../lib/gcc/arm-none-eabi/4.6.2/../../../../arm-none-eabi/lib/armv6-m\libcr_c.a(_fdopen.o)
 .text          0x00000000        0x0 c:/nxp/lpcxpresso_6.1.2_177/lpcxpresso/tools/bin/../lib/gcc/arm-none-eabi/4.6.2/../../../../arm-none-eabi/lib/armv6-m\libcr_c.a(_fflush.o)
 .data          0x00000000        0x0 c:/nxp/lpcxpresso_6.1.2_177/lpcxpresso/tools/bin/../lib/gcc/arm-none-eabi/4.6.2/../../../../arm-none-eabi/lib/armv6-m\libcr_c.a(_fflush.o)
 .bss           0x00000000        0x0 c:/nxp/lpcxpresso_6.1.2_177/lpcxpresso/tools/bin/../lib/gcc/arm-none-eabi/4.6.2/../../../../arm-none-eabi/lib/armv6-m\libcr_c.a(_fflush.o)
 .text          0x00000000        0x0 c:/nxp/lpcxpresso_6.1.2_177/lpcxpresso/tools/bin/../lib/gcc/arm-none-eabi/4.6.2/../../../../arm-none-eabi/lib/armv6-m\libcr_c.a(_writebuf.o)
 .data          0x00000000        0x0 c:/nxp/lpcxpresso_6.1.2_177/lpcxpresso/tools/bin/../lib/gcc/arm-none-eabi/4.6.2/../../../../arm-none-eabi/lib/armv6-m\libcr_c.a(_writebuf.o)
 .bss           0x00000000        0x0 c:/nxp/lpcxpresso_6.1.2_177/lpcxpresso/tools/bin/../lib/gcc/arm-none-eabi/4.6.2/../../../../arm-none-eabi/lib/armv6-m\libcr_c.a(_writebuf.o)
 .text          0x00000000        0x0 c:/nxp/lpcxpresso_6.1.2_177/lpcxpresso/tools/bin/../lib/gcc/arm-none-eabi/4.6.2/../../../../arm-none-eabi/lib/armv6-m\libcr_c.a(alloc.o)
 .data          0x00000000        0x0 c:/nxp/lpcxpresso_6.1.2_177/lpcxpresso/tools/bin/../lib/gcc/arm-none-eabi/4.6.2/../../../../arm-none-eabi/lib/armv6-m\libcr_c.a(alloc.o)
 .bss           0x00000000        0x0 c:/nxp/lpcxpresso_6.1.2_177/lpcxpresso/tools/bin/../lib/gcc/arm-none-eabi/4.6.2/../../../../arm-none-eabi/lib/armv6-m\libcr_c.a(alloc.o)
 .text.calloc   0x00000000       0x52 c:/nxp/lpcxpresso_6.1.2_177/lpcxpresso/tools/bin/../lib/gcc/arm-none-eabi/4.6.2/../../../../arm-none-eabi/lib/armv6-m\libcr_c.a(alloc.o)
 .text.realloc  0x00000000       0x26 c:/nxp/lpcxpresso_6.1.2_177/lpcxpresso/tools/bin/../lib/gcc/arm-none-eabi/4.6.2/../../../../arm-none-eabi/lib/armv6-m\libcr_c.a(alloc.o)
 .text          0x00000000        0x0 c:/nxp/lpcxpresso_6.1.2_177/lpcxpresso/tools/bin/../lib/gcc/arm-none-eabi/4.6.2/../../../../arm-none-eabi/lib/armv6-m\libcr_c.a(fclose.o)
 .data          0x00000000        0x0 c:/nxp/lpcxpresso_6.1.2_177/lpcxpresso/tools/bin/../lib/gcc/arm-none-eabi/4.6.2/../../../../arm-none-eabi/lib/armv6-m\libcr_c.a(fclose.o)
 .bss           0x00000000        0x0 c:/nxp/lpcxpresso_6.1.2_177/lpcxpresso/tools/bin/../lib/gcc/arm-none-eabi/4.6.2/../../../../arm-none-eabi/lib/armv6-m\libcr_c.a(fclose.o)
 .text          0x00000000        0x0 c:/nxp/lpcxpresso_6.1.2_177/lpcxpresso/tools/bin/../lib/gcc/arm-none-eabi/4.6.2/../../../../arm-none-eabi/lib/armv6-m\libcr_c.a(fflush.o)
 .data          0x00000000        0x0 c:/nxp/lpcxpresso_6.1.2_177/lpcxpresso/tools/bin/../lib/gcc/arm-none-eabi/4.6.2/../../../../arm-none-eabi/lib/armv6-m\libcr_c.a(fflush.o)
 .bss           0x00000000        0x0 c:/nxp/lpcxpresso_6.1.2_177/lpcxpresso/tools/bin/../lib/gcc/arm-none-eabi/4.6.2/../../../../arm-none-eabi/lib/armv6-m\libcr_c.a(fflush.o)
 .text          0x00000000        0x0 c:/nxp/lpcxpresso_6.1.2_177/lpcxpresso/tools/bin/../lib/gcc/arm-none-eabi/4.6.2/../../../../arm-none-eabi/lib/armv6-m\libcr_c.a(fseek.o)
 .data          0x00000000        0x0 c:/nxp/lpcxpresso_6.1.2_177/lpcxpresso/tools/bin/../lib/gcc/arm-none-eabi/4.6.2/../../../../arm-none-eabi/lib/armv6-m\libcr_c.a(fseek.o)
 .bss           0x00000000        0x0 c:/nxp/lpcxpresso_6.1.2_177/lpcxpresso/tools/bin/../lib/gcc/arm-none-eabi/4.6.2/../../../../arm-none-eabi/lib/armv6-m\libcr_c.a(fseek.o)
 .text          0x00000000        0x0 c:/nxp/lpcxpresso_6.1.2_177/lpcxpresso/tools/bin/../lib/gcc/arm-none-eabi/4.6.2/../../../../arm-none-eabi/lib/armv6-m\libcr_c.a(ftell.o)
 .data          0x00000000        0x0 c:/nxp/lpcxpresso_6.1.2_177/lpcxpresso/tools/bin/../lib/gcc/arm-none-eabi/4.6.2/../../../../arm-none-eabi/lib/armv6-m\libcr_c.a(ftell.o)
 .bss           0x00000000        0x0 c:/nxp/lpcxpresso_6.1.2_177/lpcxpresso/tools/bin/../lib/gcc/arm-none-eabi/4.6.2/../../../../arm-none-eabi/lib/armv6-m\libcr_c.a(ftell.o)
 .text          0x00000000        0x0 c:/nxp/lpcxpresso_6.1.2_177/lpcxpresso/tools/bin/../lib/gcc/arm-none-eabi/4.6.2/../../../../arm-none-eabi/lib/armv6-m\libcr_c.a(remove.o)
 .data          0x00000000        0x0 c:/nxp/lpcxpresso_6.1.2_177/lpcxpresso/tools/bin/../lib/gcc/arm-none-eabi/4.6.2/../../../../arm-none-eabi/lib/armv6-m\libcr_c.a(remove.o)
 .bss           0x00000000        0x0 c:/nxp/lpcxpresso_6.1.2_177/lpcxpresso/tools/bin/../lib/gcc/arm-none-eabi/4.6.2/../../../../arm-none-eabi/lib/armv6-m\libcr_c.a(remove.o)
 .text.rename   0x00000000       0x28 c:/nxp/lpcxpresso_6.1.2_177/lpcxpresso/tools/bin/../lib/gcc/arm-none-eabi/4.6.2/../../../../arm-none-eabi/lib/armv6-m\libcr_c.a(remove.o)
 .text          0x00000000        0x0 c:/nxp/lpcxpresso_6.1.2_177/lpcxpresso/tools/bin/../lib/gcc/arm-none-eabi/4.6.2/../../../../arm-none-eabi/lib/armv6-m\libcr_c.a(strlen.o)
 .data          0x00000000        0x0 c:/nxp/lpcxpresso_6.1.2_177/lpcxpresso/tools/bin/../lib/gcc/arm-none-eabi/4.6.2/../../../../arm-none-eabi/lib/armv6-m\libcr_c.a(strlen.o)
 .bss           0x00000000        0x0 c:/nxp/lpcxpresso_6.1.2_177/lpcxpresso/tools/bin/../lib/gcc/arm-none-eabi/4.6.2/../../../../arm-none-eabi/lib/armv6-m\libcr_c.a(strlen.o)
 .text          0x00000000        0x0 c:/nxp/lpcxpresso_6.1.2_177/lpcxpresso/tools/bin/../lib/gcc/arm-none-eabi/4.6.2/../../../../arm-none-eabi/lib/armv6-m\libcr_c.a(memcpy.o)
 .data          0x00000000        0x0 c:/nxp/lpcxpresso_6.1.2_177/lpcxpresso/tools/bin/../lib/gcc/arm-none-eabi/4.6.2/../../../../arm-none-eabi/lib/armv6-m\libcr_c.a(memcpy.o)
 .bss           0x00000000        0x0 c:/nxp/lpcxpresso_6.1.2_177/lpcxpresso/tools/bin/../lib/gcc/arm-none-eabi/4.6.2/../../../../arm-none-eabi/lib/armv6-m\libcr_c.a(memcpy.o)
 .text.memcpy   0x00000000        0x8 c:/nxp/lpcxpresso_6.1.2_177/lpcxpresso/tools/bin/../lib/gcc/arm-none-eabi/4.6.2/../../../../arm-none-eabi/lib/armv6-m\libcr_c.a(memcpy.o)
 .text          0x00000000        0x0 c:/nxp/lpcxpresso_6.1.2_177/lpcxpresso/tools/bin/../lib/gcc/arm-none-eabi/4.6.2/../../../../arm-none-eabi/lib/armv6-m\libcr_c.a(__init_alloc.o)
 .data          0x00000000        0x0 c:/nxp/lpcxpresso_6.1.2_177/lpcxpresso/tools/bin/../lib/gcc/arm-none-eabi/4.6.2/../../../../arm-none-eabi/lib/armv6-m\libcr_c.a(__init_alloc.o)
 .bss           0x00000000        0x0 c:/nxp/lpcxpresso_6.1.2_177/lpcxpresso/tools/bin/../lib/gcc/arm-none-eabi/4.6.2/../../../../arm-none-eabi/lib/armv6-m\libcr_c.a(__init_alloc.o)
 .text._init_alloc
                0x00000000       0x14 c:/nxp/lpcxpresso_6.1.2_177/lpcxpresso/tools/bin/../lib/gcc/arm-none-eabi/4.6.2/../../../../arm-none-eabi/lib/armv6-m\libcr_c.a(__init_alloc.o)
 .text          0x00000000        0x0 c:/nxp/lpcxpresso_6.1.2_177/lpcxpresso/tools/bin/../lib/gcc/arm-none-eabi/4.6.2/../../../../arm-none-eabi/lib/armv6-m\libcr_c.a(_do_fflush.o)
 .data          0x00000000        0x0 c:/nxp/lpcxpresso_6.1.2_177/lpcxpresso/tools/bin/../lib/gcc/arm-none-eabi/4.6.2/../../../../arm-none-eabi/lib/armv6-m\libcr_c.a(_do_fflush.o)
 .bss           0x00000000        0x0 c:/nxp/lpcxpresso_6.1.2_177/lpcxpresso/tools/bin/../lib/gcc/arm-none-eabi/4.6.2/../../../../arm-none-eabi/lib/armv6-m\libcr_c.a(_do_fflush.o)
 .text          0x00000000        0x0 c:/nxp/lpcxpresso_6.1.2_177/lpcxpresso/tools/bin/../lib/gcc/arm-none-eabi/4.6.2/../../../../arm-none-eabi/lib/armv6-m\libcr_c.a(errno.o)
 .data          0x00000000        0x0 c:/nxp/lpcxpresso_6.1.2_177/lpcxpresso/tools/bin/../lib/gcc/arm-none-eabi/4.6.2/../../../../arm-none-eabi/lib/armv6-m\libcr_c.a(errno.o)
 .bss           0x00000000        0x0 c:/nxp/lpcxpresso_6.1.2_177/lpcxpresso/tools/bin/../lib/gcc/arm-none-eabi/4.6.2/../../../../arm-none-eabi/lib/armv6-m\libcr_c.a(errno.o)
 .text          0x00000000        0x0 c:/nxp/lpcxpresso_6.1.2_177/lpcxpresso/tools/bin/../lib/gcc/arm-none-eabi/4.6.2/armv6-m\libcr_eabihelpers.a(division.o)
 .data          0x00000000        0x0 c:/nxp/lpcxpresso_6.1.2_177/lpcxpresso/tools/bin/../lib/gcc/arm-none-eabi/4.6.2/armv6-m\libcr_eabihelpers.a(division.o)
 .bss           0x00000000        0x0 c:/nxp/lpcxpresso_6.1.2_177/lpcxpresso/tools/bin/../lib/gcc/arm-none-eabi/4.6.2/armv6-m\libcr_eabihelpers.a(division.o)
 .text.__aeabi_division_idivmod
                0x00000000        0x6 c:/nxp/lpcxpresso_6.1.2_177/lpcxpresso/tools/bin/../lib/gcc/arm-none-eabi/4.6.2/armv6-m\libcr_eabihelpers.a(division.o)
 .text.__aeabi_division_uidivmod
                0x00000000       0x72 c:/nxp/lpcxpresso_6.1.2_177/lpcxpresso/tools/bin/../lib/gcc/arm-none-eabi/4.6.2/armv6-m\libcr_eabihelpers.a(division.o)
 .text.__aeabi_division_uldivmod
                0x00000000       0x5a c:/nxp/lpcxpresso_6.1.2_177/lpcxpresso/tools/bin/../lib/gcc/arm-none-eabi/4.6.2/armv6-m\libcr_eabihelpers.a(division.o)
 .text.__aeabi_division_ldivmod
                0x00000000       0x32 c:/nxp/lpcxpresso_6.1.2_177/lpcxpresso/tools/bin/../lib/gcc/arm-none-eabi/4.6.2/armv6-m\libcr_eabihelpers.a(division.o)
 .text.__aeabi_division_idiv0
                0x00000000        0x2 c:/nxp/lpcxpresso_6.1.2_177/lpcxpresso/tools/bin/../lib/gcc/arm-none-eabi/4.6.2/armv6-m\libcr_eabihelpers.a(division.o)
 .text.__aeabi_division_ldiv0
                0x00000000        0x2 c:/nxp/lpcxpresso_6.1.2_177/lpcxpresso/tools/bin/../lib/gcc/arm-none-eabi/4.6.2/armv6-m\libcr_eabihelpers.a(division.o)
 .text.__aeabi_division_idivq31+15
                0x00000000      0x188 c:/nxp/lpcxpresso_6.1.2_177/lpcxpresso/tools/bin/../lib/gcc/arm-none-eabi/4.6.2/armv6-m\libcr_eabihelpers.a(division.o)
 .text          0x00000000        0x0 c:/nxp/lpcxpresso_6.1.2_177/lpcxpresso/tools/bin/../lib/gcc/arm-none-eabi/4.6.2/armv6-m\libcr_eabihelpers.a(memcpy.o)
 .data          0x00000000        0x0 c:/nxp/lpcxpresso_6.1.2_177/lpcxpresso/tools/bin/../lib/gcc/arm-none-eabi/4.6.2/armv6-m\libcr_eabihelpers.a(memcpy.o)
 .bss           0x00000000        0x0 c:/nxp/lpcxpresso_6.1.2_177/lpcxpresso/tools/bin/../lib/gcc/arm-none-eabi/4.6.2/armv6-m\libcr_eabihelpers.a(memcpy.o)
 .text.__aeabi_memcpy
                0x00000000       0x2c c:/nxp/lpcxpresso_6.1.2_177/lpcxpresso/tools/bin/../lib/gcc/arm-none-eabi/4.6.2/armv6-m\libcr_eabihelpers.a(memcpy.o)
 .text.__aeabi_memmove
                0x00000000       0x1c c:/nxp/lpcxpresso_6.1.2_177/lpcxpresso/tools/bin/../lib/gcc/arm-none-eabi/4.6.2/armv6-m\libcr_eabihelpers.a(memcpy.o)
 .text.__aeabi_memclr
                0x00000000        0x6 c:/nxp/lpcxpresso_6.1.2_177/lpcxpresso/tools/bin/../lib/gcc/arm-none-eabi/4.6.2/armv6-m\libcr_eabihelpers.a(memcpy.o)
 .text.__aeabi_memset
                0x00000000        0x8 c:/nxp/lpcxpresso_6.1.2_177/lpcxpresso/tools/bin/../lib/gcc/arm-none-eabi/4.6.2/armv6-m\libcr_eabihelpers.a(memcpy.o)
 .text          0x00000000        0x0 c:/nxp/lpcxpresso_6.1.2_177/lpcxpresso/tools/bin/../lib/gcc/arm-none-eabi/4.6.2/../../../../arm-none-eabi/lib/armv6-m\libcr_semihost.a(__sys_appexit.o)
 .data          0x00000000        0x0 c:/nxp/lpcxpresso_6.1.2_177/lpcxpresso/tools/bin/../lib/gcc/arm-none-eabi/4.6.2/../../../../arm-none-eabi/lib/armv6-m\libcr_semihost.a(__sys_appexit.o)
 .bss           0x00000000        0x0 c:/nxp/lpcxpresso_6.1.2_177/lpcxpresso/tools/bin/../lib/gcc/arm-none-eabi/4.6.2/../../../../arm-none-eabi/lib/armv6-m\libcr_semihost.a(__sys_appexit.o)
 .text          0x00000000        0x0 c:/nxp/lpcxpresso_6.1.2_177/lpcxpresso/tools/bin/../lib/gcc/arm-none-eabi/4.6.2/../../../../arm-none-eabi/lib/armv6-m\libcr_semihost.a(__sys_close.o)
 .data          0x00000000        0x0 c:/nxp/lpcxpresso_6.1.2_177/lpcxpresso/tools/bin/../lib/gcc/arm-none-eabi/4.6.2/../../../../arm-none-eabi/lib/armv6-m\libcr_semihost.a(__sys_close.o)
 .bss           0x00000000        0x0 c:/nxp/lpcxpresso_6.1.2_177/lpcxpresso/tools/bin/../lib/gcc/arm-none-eabi/4.6.2/../../../../arm-none-eabi/lib/armv6-m\libcr_semihost.a(__sys_close.o)
 .text          0x00000000        0x0 c:/nxp/lpcxpresso_6.1.2_177/lpcxpresso/tools/bin/../lib/gcc/arm-none-eabi/4.6.2/../../../../arm-none-eabi/lib/armv6-m\libcr_semihost.a(__sys_flen.o)
 .data          0x00000000        0x0 c:/nxp/lpcxpresso_6.1.2_177/lpcxpresso/tools/bin/../lib/gcc/arm-none-eabi/4.6.2/../../../../arm-none-eabi/lib/armv6-m\libcr_semihost.a(__sys_flen.o)
 .bss           0x00000000        0x0 c:/nxp/lpcxpresso_6.1.2_177/lpcxpresso/tools/bin/../lib/gcc/arm-none-eabi/4.6.2/../../../../arm-none-eabi/lib/armv6-m\libcr_semihost.a(__sys_flen.o)
 .text          0x00000000        0x0 c:/nxp/lpcxpresso_6.1.2_177/lpcxpresso/tools/bin/../lib/gcc/arm-none-eabi/4.6.2/../../../../arm-none-eabi/lib/armv6-m\libcr_semihost.a(__sys_istty.o)
 .data          0x00000000        0x0 c:/nxp/lpcxpresso_6.1.2_177/lpcxpresso/tools/bin/../lib/gcc/arm-none-eabi/4.6.2/../../../../arm-none-eabi/lib/armv6-m\libcr_semihost.a(__sys_istty.o)
 .bss           0x00000000        0x0 c:/nxp/lpcxpresso_6.1.2_177/lpcxpresso/tools/bin/../lib/gcc/arm-none-eabi/4.6.2/../../../../arm-none-eabi/lib/armv6-m\libcr_semihost.a(__sys_istty.o)
 .text          0x00000000        0x0 c:/nxp/lpcxpresso_6.1.2_177/lpcxpresso/tools/bin/../lib/gcc/arm-none-eabi/4.6.2/../../../../arm-none-eabi/lib/armv6-m\libcr_semihost.a(__sys_read.o)
 .data          0x00000000        0x0 c:/nxp/lpcxpresso_6.1.2_177/lpcxpresso/tools/bin/../lib/gcc/arm-none-eabi/4.6.2/../../../../arm-none-eabi/lib/armv6-m\libcr_semihost.a(__sys_read.o)
 .bss           0x00000000        0x0 c:/nxp/lpcxpresso_6.1.2_177/lpcxpresso/tools/bin/../lib/gcc/arm-none-eabi/4.6.2/../../../../arm-none-eabi/lib/armv6-m\libcr_semihost.a(__sys_read.o)
 .text.__sys_read
                0x00000000        0xc c:/nxp/lpcxpresso_6.1.2_177/lpcxpresso/tools/bin/../lib/gcc/arm-none-eabi/4.6.2/../../../../arm-none-eabi/lib/armv6-m\libcr_semihost.a(__sys_read.o)
 .text          0x00000000        0x0 c:/nxp/lpcxpresso_6.1.2_177/lpcxpresso/tools/bin/../lib/gcc/arm-none-eabi/4.6.2/../../../../arm-none-eabi/lib/armv6-m\libcr_semihost.a(__sys_readc.o)
 .data          0x00000000        0x0 c:/nxp/lpcxpresso_6.1.2_177/lpcxpresso/tools/bin/../lib/gcc/arm-none-eabi/4.6.2/../../../../arm-none-eabi/lib/armv6-m\libcr_semihost.a(__sys_readc.o)
 .bss           0x00000000        0x0 c:/nxp/lpcxpresso_6.1.2_177/lpcxpresso/tools/bin/../lib/gcc/arm-none-eabi/4.6.2/../../../../arm-none-eabi/lib/armv6-m\libcr_semihost.a(__sys_readc.o)
 .text.__sys_readc
                0x00000000        0x8 c:/nxp/lpcxpresso_6.1.2_177/lpcxpresso/tools/bin/../lib/gcc/arm-none-eabi/4.6.2/../../../../arm-none-eabi/lib/armv6-m\libcr_semihost.a(__sys_readc.o)
 .text          0x00000000        0x0 c:/nxp/lpcxpresso_6.1.2_177/lpcxpresso/tools/bin/../lib/gcc/arm-none-eabi/4.6.2/../../../../arm-none-eabi/lib/armv6-m\libcr_semihost.a(__sys_remove.o)
 .data          0x00000000        0x0 c:/nxp/lpcxpresso_6.1.2_177/lpcxpresso/tools/bin/../lib/gcc/arm-none-eabi/4.6.2/../../../../arm-none-eabi/lib/armv6-m\libcr_semihost.a(__sys_remove.o)
 .bss           0x00000000        0x0 c:/nxp/lpcxpresso_6.1.2_177/lpcxpresso/tools/bin/../lib/gcc/arm-none-eabi/4.6.2/../../../../arm-none-eabi/lib/armv6-m\libcr_semihost.a(__sys_remove.o)
 .text          0x00000000        0x0 c:/nxp/lpcxpresso_6.1.2_177/lpcxpresso/tools/bin/../lib/gcc/arm-none-eabi/4.6.2/../../../../arm-none-eabi/lib/armv6-m\libcr_semihost.a(__sys_rename.o)
 .data          0x00000000        0x0 c:/nxp/lpcxpresso_6.1.2_177/lpcxpresso/tools/bin/../lib/gcc/arm-none-eabi/4.6.2/../../../../arm-none-eabi/lib/armv6-m\libcr_semihost.a(__sys_rename.o)
 .bss           0x00000000        0x0 c:/nxp/lpcxpresso_6.1.2_177/lpcxpresso/tools/bin/../lib/gcc/arm-none-eabi/4.6.2/../../../../arm-none-eabi/lib/armv6-m\libcr_semihost.a(__sys_rename.o)
 .text.__sys_rename
                0x00000000        0xc c:/nxp/lpcxpresso_6.1.2_177/lpcxpresso/tools/bin/../lib/gcc/arm-none-eabi/4.6.2/../../../../arm-none-eabi/lib/armv6-m\libcr_semihost.a(__sys_rename.o)
 .text          0x00000000        0x0 c:/nxp/lpcxpresso_6.1.2_177/lpcxpresso/tools/bin/../lib/gcc/arm-none-eabi/4.6.2/../../../../arm-none-eabi/lib/armv6-m\libcr_semihost.a(__sys_seek.o)
 .data          0x00000000        0x0 c:/nxp/lpcxpresso_6.1.2_177/lpcxpresso/tools/bin/../lib/gcc/arm-none-eabi/4.6.2/../../../../arm-none-eabi/lib/armv6-m\libcr_semihost.a(__sys_seek.o)
 .bss           0x00000000        0x0 c:/nxp/lpcxpresso_6.1.2_177/lpcxpresso/tools/bin/../lib/gcc/arm-none-eabi/4.6.2/../../../../arm-none-eabi/lib/armv6-m\libcr_semihost.a(__sys_seek.o)
 .text          0x00000000        0x0 c:/nxp/lpcxpresso_6.1.2_177/lpcxpresso/tools/bin/../lib/gcc/arm-none-eabi/4.6.2/../../../../arm-none-eabi/lib/armv6-m\libcr_semihost.a(__sys_tmpnam.o)
 .data          0x00000000        0x0 c:/nxp/lpcxpresso_6.1.2_177/lpcxpresso/tools/bin/../lib/gcc/arm-none-eabi/4.6.2/../../../../arm-none-eabi/lib/armv6-m\libcr_semihost.a(__sys_tmpnam.o)
 .bss           0x00000000        0x0 c:/nxp/lpcxpresso_6.1.2_177/lpcxpresso/tools/bin/../lib/gcc/arm-none-eabi/4.6.2/../../../../arm-none-eabi/lib/armv6-m\libcr_semihost.a(__sys_tmpnam.o)
 .text          0x00000000        0x0 c:/nxp/lpcxpresso_6.1.2_177/lpcxpresso/tools/bin/../lib/gcc/arm-none-eabi/4.6.2/../../../../arm-none-eabi/lib/armv6-m\libcr_semihost.a(__sys_write.o)
 .data          0x00000000        0x0 c:/nxp/lpcxpresso_6.1.2_177/lpcxpresso/tools/bin/../lib/gcc/arm-none-eabi/4.6.2/../../../../arm-none-eabi/lib/armv6-m\libcr_semihost.a(__sys_write.o)
 .bss           0x00000000        0x0 c:/nxp/lpcxpresso_6.1.2_177/lpcxpresso/tools/bin/../lib/gcc/arm-none-eabi/4.6.2/../../../../arm-none-eabi/lib/armv6-m\libcr_semihost.a(__sys_write.o)
 .text          0x00000000        0x0 c:/nxp/lpcxpresso_6.1.2_177/lpcxpresso/tools/bin/../lib/gcc/arm-none-eabi/4.6.2/../../../../arm-none-eabi/lib/armv6-m\libcr_semihost.a(_cr_sbrk.o)
 .data          0x00000000        0x0 c:/nxp/lpcxpresso_6.1.2_177/lpcxpresso/tools/bin/../lib/gcc/arm-none-eabi/4.6.2/../../../../arm-none-eabi/lib/armv6-m\libcr_semihost.a(_cr_sbrk.o)
 .bss           0x00000000        0x0 c:/nxp/lpcxpresso_6.1.2_177/lpcxpresso/tools/bin/../lib/gcc/arm-none-eabi/4.6.2/../../../../arm-none-eabi/lib/armv6-m\libcr_semihost.a(_cr_sbrk.o)
 .text          0x00000000        0x0 c:/nxp/lpcxpresso_6.1.2_177/lpcxpresso/tools/bin/../lib/gcc/arm-none-eabi/4.6.2/../../../../arm-none-eabi/lib/armv6-m\libcr_semihost.a(_cr_check_heap.o)
 .data          0x00000000        0x0 c:/nxp/lpcxpresso_6.1.2_177/lpcxpresso/tools/bin/../lib/gcc/arm-none-eabi/4.6.2/../../../../arm-none-eabi/lib/armv6-m\libcr_semihost.a(_cr_check_heap.o)
 .bss           0x00000000        0x0 c:/nxp/lpcxpresso_6.1.2_177/lpcxpresso/tools/bin/../lib/gcc/arm-none-eabi/4.6.2/../../../../arm-none-eabi/lib/armv6-m\libcr_semihost.a(_cr_check_heap.o)

Memory Configuration

Name             Origin             Length             Attributes
MFlash32         0x00000000         0x00008000         xr
RamLoc8          0x10000000         0x00002000         xrw
*default*        0x00000000         0xffffffff

Linker script and memory map

LOAD ./src/asm_fibinacci.o
LOAD ./src/cr_startup_lpc11xx.o
LOAD ./src/crp.o
LOAD ./src/main.o
LOAD ./drivers/gpio.o
LOAD ./drivers/timer32.o
LOAD C:\Users\Conrad\Documents\LPCXpresso_6.1.2_177\workspace\CMSIS_CORE_LPC11xx\Debug\libCMSIS_CORE_LPC11xx.a
START GROUP
LOAD c:/nxp/lpcxpresso_6.1.2_177/lpcxpresso/tools/bin/../lib/gcc/arm-none-eabi/4.6.2/../../../../arm-none-eabi/lib/armv6-m\libcr_semihost.a
LOAD c:/nxp/lpcxpresso_6.1.2_177/lpcxpresso/tools/bin/../lib/gcc/arm-none-eabi/4.6.2/../../../../arm-none-eabi/lib/armv6-m\libcr_c.a
LOAD c:/nxp/lpcxpresso_6.1.2_177/lpcxpresso/tools/bin/../lib/gcc/arm-none-eabi/4.6.2/armv6-m\libcr_eabihelpers.a
END GROUP
                0x00008000                __top_MFlash32 = 0x8000
                0x10002000                __top_RamLoc8 = 0x10002000

.text           0x00000000      0x9ac
 FILL mask 0xff
                0x00000000                __vectors_start__ = ABSOLUTE (.)
 *(.isr_vector)
 .isr_vector    0x00000000       0xc0 ./src/cr_startup_lpc11xx.o
                0x00000000                g_pfnVectors
                0x000000c0                . = ALIGN (0x4)
                0x000000c0                __section_table_start = .
                0x000000c0                __data_section_table = .
                0x000000c0        0x4 LONG 0x9ac LOADADDR (.data)
                0x000000c4        0x4 LONG 0x10000000 ADDR (.data)
                0x000000c8        0x4 LONG 0x0 SIZEOF (.data)
                0x000000cc                __data_section_table_end = .
                0x000000cc                __bss_section_table = .
                0x000000cc        0x4 LONG 0x10000000 ADDR (.bss)
                0x000000d0        0x4 LONG 0x15c SIZEOF (.bss)
                0x000000d4                __bss_section_table_end = .
                0x000000d4                __section_table_end = .
 *(.after_vectors*)
 .after_vectors
                0x000000d4       0x80 ./src/cr_startup_lpc11xx.o
                0x000000d4                NMI_Handler
                0x000000d8                HardFault_Handler
                0x000000dc                SVC_Handler
                0x000000e0                PendSV_Handler
                0x000000e4                SysTick_Handler
                0x000000e8                data_init
                0x000000fa                bss_init
                0x0000010c                ResetISR
                0x00000150                IntDefaultHandler
                0x00000150                PIOINT1_IRQHandler
                0x00000150                CAN_IRQHandler
                0x00000150                SSP0_IRQHandler
                0x00000150                TIMER32_1_IRQHandler
                0x00000150                TIMER16_1_IRQHandler
                0x00000150                ADC_IRQHandler
                0x00000150                SSP1_IRQHandler
                0x00000150                PIOINT2_IRQHandler
                0x00000150                BOD_IRQHandler
                0x00000150                WAKEUP_IRQHandler
                0x00000150                PIOINT0_IRQHandler
                0x00000150                I2C_IRQHandler
                0x00000150                WDT_IRQHandler
                0x00000150                UART_IRQHandler
                0x00000150                TIMER16_0_IRQHandler
                0x00000150                PIOINT3_IRQHandler
 *(.text*)
 .text          0x00000154       0x34 ./src/asm_fibinacci.o
                0x00000154                fibonacci
 .text.main     0x00000188       0x20 ./src/main.o
                0x00000188                main
 .text.TIMER32_0_IRQHandler
                0x000001a8       0x50 ./drivers/timer32.o
                0x000001a8                TIMER32_0_IRQHandler
 .text.SystemInit
                0x000001f8       0x90 C:\Users\Conrad\Documents\LPCXpresso_6.1.2_177\workspace\CMSIS_CORE_LPC11xx\Debug\libCMSIS_CORE_LPC11xx.a(system_LPC11xx.o)
                0x000001f8                SystemInit
 .text.__main   0x00000288       0x12 c:/nxp/lpcxpresso_6.1.2_177/lpcxpresso/tools/bin/../lib/gcc/arm-none-eabi/4.6.2/../../../../arm-none-eabi/lib/armv6-m\libcr_semihost.a(_cr__main.o)
                0x00000288                __CR_SEMIHOST
                0x00000288                __main
 *fill*         0x0000029a        0x2 00
 .text._initio  0x0000029c       0xa0 c:/nxp/lpcxpresso_6.1.2_177/lpcxpresso/tools/bin/../lib/gcc/arm-none-eabi/4.6.2/../../../../arm-none-eabi/lib/armv6-m\libcr_c.a(initio.o)
                0x0000029c                _initio
 .text.setvbuf  0x0000033c       0x48 c:/nxp/lpcxpresso_6.1.2_177/lpcxpresso/tools/bin/../lib/gcc/arm-none-eabi/4.6.2/../../../../arm-none-eabi/lib/armv6-m\libcr_c.a(setvbuf.o)
                0x0000033c                setvbuf
 .text.memset   0x00000384        0x8 c:/nxp/lpcxpresso_6.1.2_177/lpcxpresso/tools/bin/../lib/gcc/arm-none-eabi/4.6.2/../../../../arm-none-eabi/lib/armv6-m\libcr_c.a(memset.o)
                0x00000384                memset
 .text._deferredlazyseek
                0x0000038c       0x44 c:/nxp/lpcxpresso_6.1.2_177/lpcxpresso/tools/bin/../lib/gcc/arm-none-eabi/4.6.2/../../../../arm-none-eabi/lib/armv6-m\libcr_c.a(_deferredlazyseek.o)
                0x0000038c                _deferredlazyseek
 .text._fdopen  0x000003d0       0x78 c:/nxp/lpcxpresso_6.1.2_177/lpcxpresso/tools/bin/../lib/gcc/arm-none-eabi/4.6.2/../../../../arm-none-eabi/lib/armv6-m\libcr_c.a(_fdopen.o)
                0x000003d0                _fdopen
 .text._fflush  0x00000448       0x60 c:/nxp/lpcxpresso_6.1.2_177/lpcxpresso/tools/bin/../lib/gcc/arm-none-eabi/4.6.2/../../../../arm-none-eabi/lib/armv6-m\libcr_c.a(_fflush.o)
                0x00000448                _fflush
 .text._Cwritebuf
                0x000004a8       0x6c c:/nxp/lpcxpresso_6.1.2_177/lpcxpresso/tools/bin/../lib/gcc/arm-none-eabi/4.6.2/../../../../arm-none-eabi/lib/armv6-m\libcr_c.a(_writebuf.o)
                0x000004a8                _Cwritebuf
 .text.malloc   0x00000514       0xbc c:/nxp/lpcxpresso_6.1.2_177/lpcxpresso/tools/bin/../lib/gcc/arm-none-eabi/4.6.2/../../../../arm-none-eabi/lib/armv6-m\libcr_c.a(alloc.o)
                0x00000514                malloc
 .text.free     0x000005d0       0x10 c:/nxp/lpcxpresso_6.1.2_177/lpcxpresso/tools/bin/../lib/gcc/arm-none-eabi/4.6.2/../../../../arm-none-eabi/lib/armv6-m\libcr_c.a(alloc.o)
                0x000005d0                free
 .text._Csys_alloc
                0x000005e0       0x20 c:/nxp/lpcxpresso_6.1.2_177/lpcxpresso/tools/bin/../lib/gcc/arm-none-eabi/4.6.2/../../../../arm-none-eabi/lib/armv6-m\libcr_c.a(alloc.o)
                0x000005e0                _Csys_alloc
 .text.fclose   0x00000600       0x70 c:/nxp/lpcxpresso_6.1.2_177/lpcxpresso/tools/bin/../lib/gcc/arm-none-eabi/4.6.2/../../../../arm-none-eabi/lib/armv6-m\libcr_c.a(fclose.o)
                0x00000600                fclose
 .text.fflush   0x00000670       0x38 c:/nxp/lpcxpresso_6.1.2_177/lpcxpresso/tools/bin/../lib/gcc/arm-none-eabi/4.6.2/../../../../arm-none-eabi/lib/armv6-m\libcr_c.a(fflush.o)
                0x00000670                fflush
 .text.fseek    0x000006a8       0xf0 c:/nxp/lpcxpresso_6.1.2_177/lpcxpresso/tools/bin/../lib/gcc/arm-none-eabi/4.6.2/../../../../arm-none-eabi/lib/armv6-m\libcr_c.a(fseek.o)
                0x000006a8                fseek
 .text.ftell    0x00000798       0x4c c:/nxp/lpcxpresso_6.1.2_177/lpcxpresso/tools/bin/../lib/gcc/arm-none-eabi/4.6.2/../../../../arm-none-eabi/lib/armv6-m\libcr_c.a(ftell.o)
                0x00000798                ftell
 .text.remove   0x000007e4       0x12 c:/nxp/lpcxpresso_6.1.2_177/lpcxpresso/tools/bin/../lib/gcc/arm-none-eabi/4.6.2/../../../../arm-none-eabi/lib/armv6-m\libcr_c.a(remove.o)
                0x000007e4                remove
 *fill*         0x000007f6        0x2 00
 .text.strlen   0x000007f8       0x58 c:/nxp/lpcxpresso_6.1.2_177/lpcxpresso/tools/bin/../lib/gcc/arm-none-eabi/4.6.2/../../../../arm-none-eabi/lib/armv6-m\libcr_c.a(strlen.o)
                0x000007f8                strlen
 .text._do_fflush
                0x00000850       0x48 c:/nxp/lpcxpresso_6.1.2_177/lpcxpresso/tools/bin/../lib/gcc/arm-none-eabi/4.6.2/../../../../arm-none-eabi/lib/armv6-m\libcr_c.a(_do_fflush.o)
                0x00000850                _do_fflush
 .text.__aeabi_memset_lowlevel
                0x00000898       0x2a c:/nxp/lpcxpresso_6.1.2_177/lpcxpresso/tools/bin/../lib/gcc/arm-none-eabi/4.6.2/armv6-m\libcr_eabihelpers.a(memcpy.o)
                0x00000898                __aeabi_lowlevel_memset
 *fill*         0x000008c2        0x2 00
 .text.__sys_appexit
                0x000008c4        0xc c:/nxp/lpcxpresso_6.1.2_177/lpcxpresso/tools/bin/../lib/gcc/arm-none-eabi/4.6.2/../../../../arm-none-eabi/lib/armv6-m\libcr_semihost.a(__sys_appexit.o)
                0x000008c4                __sys_appexit
                0x000008c4                __exit
 .text.__sys_close
                0x000008d0        0xc c:/nxp/lpcxpresso_6.1.2_177/lpcxpresso/tools/bin/../lib/gcc/arm-none-eabi/4.6.2/../../../../arm-none-eabi/lib/armv6-m\libcr_semihost.a(__sys_close.o)
                0x000008d0                __sys_close
 .text.__sys_flen
                0x000008dc        0xc c:/nxp/lpcxpresso_6.1.2_177/lpcxpresso/tools/bin/../lib/gcc/arm-none-eabi/4.6.2/../../../../arm-none-eabi/lib/armv6-m\libcr_semihost.a(__sys_flen.o)
                0x000008dc                __sys_flen
 .text.__sys_istty
                0x000008e8        0xc c:/nxp/lpcxpresso_6.1.2_177/lpcxpresso/tools/bin/../lib/gcc/arm-none-eabi/4.6.2/../../../../arm-none-eabi/lib/armv6-m\libcr_semihost.a(__sys_istty.o)
                0x000008e8                __sys_istty
 .text.__sys_remove
                0x000008f4        0xc c:/nxp/lpcxpresso_6.1.2_177/lpcxpresso/tools/bin/../lib/gcc/arm-none-eabi/4.6.2/../../../../arm-none-eabi/lib/armv6-m\libcr_semihost.a(__sys_remove.o)
                0x000008f4                __sys_remove
 .text.__sys_seek
                0x00000900        0xc c:/nxp/lpcxpresso_6.1.2_177/lpcxpresso/tools/bin/../lib/gcc/arm-none-eabi/4.6.2/../../../../arm-none-eabi/lib/armv6-m\libcr_semihost.a(__sys_seek.o)
                0x00000900                __sys_seek
 .text.__sys_tmpnam
                0x0000090c        0xc c:/nxp/lpcxpresso_6.1.2_177/lpcxpresso/tools/bin/../lib/gcc/arm-none-eabi/4.6.2/../../../../arm-none-eabi/lib/armv6-m\libcr_semihost.a(__sys_tmpnam.o)
                0x0000090c                __sys_tmpnam
 .text.__sys_write
                0x00000918        0xc c:/nxp/lpcxpresso_6.1.2_177/lpcxpresso/tools/bin/../lib/gcc/arm-none-eabi/4.6.2/../../../../arm-none-eabi/lib/armv6-m\libcr_semihost.a(__sys_write.o)
                0x00000918                __sys_write
                0x00000918                __write
 .text._sbrk    0x00000924       0x40 c:/nxp/lpcxpresso_6.1.2_177/lpcxpresso/tools/bin/../lib/gcc/arm-none-eabi/4.6.2/../../../../arm-none-eabi/lib/armv6-m\libcr_semihost.a(_cr_sbrk.o)
                0x00000924                _sbrk
 .text.__check_heap_overflow
                0x00000964       0x2c c:/nxp/lpcxpresso_6.1.2_177/lpcxpresso/tools/bin/../lib/gcc/arm-none-eabi/4.6.2/../../../../arm-none-eabi/lib/armv6-m\libcr_semihost.a(_cr_check_heap.o)
                0x00000964                __check_heap_overflow
 *(.rodata .rodata.* .constdata .constdata.*)
 .rodata.str1.1
                0x00000990        0x4 c:/nxp/lpcxpresso_6.1.2_177/lpcxpresso/tools/bin/../lib/gcc/arm-none-eabi/4.6.2/../../../../arm-none-eabi/lib/armv6-m\libcr_c.a(initio.o)
 .rodata.str1.1
                0x00000994       0x18 c:/nxp/lpcxpresso_6.1.2_177/lpcxpresso/tools/bin/../lib/gcc/arm-none-eabi/4.6.2/../../../../arm-none-eabi/lib/armv6-m\libcr_c.a(alloc.o)
                0x000009ac                . = ALIGN (0x4)

.glue_7         0x000009ac        0x0
 .glue_7        0x00000000        0x0 linker stubs

.glue_7t        0x000009ac        0x0
 .glue_7t       0x00000000        0x0 linker stubs

.vfp11_veneer   0x000009ac        0x0
 .vfp11_veneer  0x00000000        0x0 linker stubs

.v4_bx          0x000009ac        0x0
 .v4_bx         0x00000000        0x0 linker stubs

.ARM.extab
 *(.ARM.extab* .gnu.linkonce.armextab.*)
                0x000009ac                __exidx_start = .

.ARM.exidx
 *(.ARM.exidx* .gnu.linkonce.armexidx.*)
                0x000009ac                __exidx_end = .
                0x000009ac                _etext = .

.uninit_RESERVED
                0x10000000        0x0
 *(.bss.$RESERVED*)
                0x10000000                . = ALIGN (0x4)
                0x10000000                _end_uninit_RESERVED = .

.data           0x10000000        0x0 load address 0x000009ac
 FILL mask 0xff
                0x10000000                _data = .
 *(vtable)
 *(.data*)
                0x10000000                . = ALIGN (0x4)
                0x10000000                _edata = .

.bss            0x10000000      0x15c load address 0x000009ac
                0x10000000                _bss = .
 *(.bss*)
 .bss.i.4361    0x10000000        0x4 ./src/main.o
 .bss.timer32_0_counter
                0x10000004        0x4 ./drivers/timer32.o
                0x10000004                timer32_0_counter
 .bss.timer32_0_capture
                0x10000008        0x4 ./drivers/timer32.o
                0x10000008                timer32_0_capture
 .bss.errno     0x1000000c        0x4 c:/nxp/lpcxpresso_6.1.2_177/lpcxpresso/tools/bin/../lib/gcc/arm-none-eabi/4.6.2/../../../../arm-none-eabi/lib/armv6-m\libcr_c.a(errno.o)
                0x1000000c                errno
 *(COMMON)
 COMMON         0x10000010        0x4 c:/nxp/lpcxpresso_6.1.2_177/lpcxpresso/tools/bin/../lib/gcc/arm-none-eabi/4.6.2/../../../../arm-none-eabi/lib/armv6-m\libcr_c.a(initio.o)
                0x10000010                _extra
 COMMON         0x10000014      0x140 c:/nxp/lpcxpresso_6.1.2_177/lpcxpresso/tools/bin/../lib/gcc/arm-none-eabi/4.6.2/../../../../arm-none-eabi/lib/armv6-m\libcr_c.a(stdio.o)
                0x10000014                __Ciob
 COMMON         0x10000154        0x8 c:/nxp/lpcxpresso_6.1.2_177/lpcxpresso/tools/bin/../lib/gcc/arm-none-eabi/4.6.2/../../../../arm-none-eabi/lib/armv6-m\libcr_c.a(__init_alloc.o)
                0x10000154                __heaps
                0x10000158                __end_of_heap
                0x1000015c                . = ALIGN (0x4)
                0x1000015c                _ebss = .
                0x1000015c                PROVIDE (end, .)

.noinit         0x1000015c        0x0 load address 0x000009ac
                0x1000015c                _noinit = .
 *(.noinit*)
                0x1000015c                . = ALIGN (0x4)
                0x1000015c                _end_noinit = .
                0x1000015c                PROVIDE (_pvHeapStart, .)
                0x10002000                PROVIDE (_vStackTop, (__top_RamLoc8 - 0x0))
OUTPUT(fib_morse_lab2.axf elf32-littlearm)

.ARM.attributes
                0x00000000       0x2d
 .ARM.attributes
                0x00000000       0x21 ./src/asm_fibinacci.o
 .ARM.attributes
                0x00000021       0x31 ./src/cr_startup_lpc11xx.o
 .ARM.attributes
                0x00000052       0x31 ./src/crp.o
 .ARM.attributes
                0x00000083       0x31 ./src/main.o
 .ARM.attributes
                0x000000b4       0x31 ./drivers/gpio.o
 .ARM.attributes
                0x000000e5       0x31 ./drivers/timer32.o
 .ARM.attributes
                0x00000116       0x31 C:\Users\Conrad\Documents\LPCXpresso_6.1.2_177\workspace\CMSIS_CORE_LPC11xx\Debug\libCMSIS_CORE_LPC11xx.a(system_LPC11xx.o)
 .ARM.attributes
                0x00000147       0x31 c:/nxp/lpcxpresso_6.1.2_177/lpcxpresso/tools/bin/../lib/gcc/arm-none-eabi/4.6.2/../../../../arm-none-eabi/lib/armv6-m\libcr_semihost.a(_cr__main.o)
 .ARM.attributes
                0x00000178       0x31 c:/nxp/lpcxpresso_6.1.2_177/lpcxpresso/tools/bin/../lib/gcc/arm-none-eabi/4.6.2/../../../../arm-none-eabi/lib/armv6-m\libcr_c.a(initio.o)
 .ARM.attributes
                0x000001a9       0x31 c:/nxp/lpcxpresso_6.1.2_177/lpcxpresso/tools/bin/../lib/gcc/arm-none-eabi/4.6.2/../../../../arm-none-eabi/lib/armv6-m\libcr_c.a(setvbuf.o)
 .ARM.attributes
                0x000001da       0x31 c:/nxp/lpcxpresso_6.1.2_177/lpcxpresso/tools/bin/../lib/gcc/arm-none-eabi/4.6.2/../../../../arm-none-eabi/lib/armv6-m\libcr_c.a(stdio.o)
 .ARM.attributes
                0x0000020b       0x31 c:/nxp/lpcxpresso_6.1.2_177/lpcxpresso/tools/bin/../lib/gcc/arm-none-eabi/4.6.2/../../../../arm-none-eabi/lib/armv6-m\libcr_c.a(memset.o)
 .ARM.attributes
                0x0000023c       0x31 c:/nxp/lpcxpresso_6.1.2_177/lpcxpresso/tools/bin/../lib/gcc/arm-none-eabi/4.6.2/../../../../arm-none-eabi/lib/armv6-m\libcr_c.a(__fillbuf.o)
 .ARM.attributes
                0x0000026d       0x31 c:/nxp/lpcxpresso_6.1.2_177/lpcxpresso/tools/bin/../lib/gcc/arm-none-eabi/4.6.2/../../../../arm-none-eabi/lib/armv6-m\libcr_c.a(_deferredlazyseek.o)
 .ARM.attributes
                0x0000029e       0x31 c:/nxp/lpcxpresso_6.1.2_177/lpcxpresso/tools/bin/../lib/gcc/arm-none-eabi/4.6.2/../../../../arm-none-eabi/lib/armv6-m\libcr_c.a(_fdopen.o)
 .ARM.attributes
                0x000002cf       0x31 c:/nxp/lpcxpresso_6.1.2_177/lpcxpresso/tools/bin/../lib/gcc/arm-none-eabi/4.6.2/../../../../arm-none-eabi/lib/armv6-m\libcr_c.a(_fflush.o)
 .ARM.attributes
                0x00000300       0x31 c:/nxp/lpcxpresso_6.1.2_177/lpcxpresso/tools/bin/../lib/gcc/arm-none-eabi/4.6.2/../../../../arm-none-eabi/lib/armv6-m\libcr_c.a(_writebuf.o)
 .ARM.attributes
                0x00000331       0x31 c:/nxp/lpcxpresso_6.1.2_177/lpcxpresso/tools/bin/../lib/gcc/arm-none-eabi/4.6.2/../../../../arm-none-eabi/lib/armv6-m\libcr_c.a(alloc.o)
 .ARM.attributes
                0x00000362       0x31 c:/nxp/lpcxpresso_6.1.2_177/lpcxpresso/tools/bin/../lib/gcc/arm-none-eabi/4.6.2/../../../../arm-none-eabi/lib/armv6-m\libcr_c.a(fclose.o)
 .ARM.attributes
                0x00000393       0x31 c:/nxp/lpcxpresso_6.1.2_177/lpcxpresso/tools/bin/../lib/gcc/arm-none-eabi/4.6.2/../../../../arm-none-eabi/lib/armv6-m\libcr_c.a(fflush.o)
 .ARM.attributes
                0x000003c4       0x31 c:/nxp/lpcxpresso_6.1.2_177/lpcxpresso/tools/bin/../lib/gcc/arm-none-eabi/4.6.2/../../../../arm-none-eabi/lib/armv6-m\libcr_c.a(fseek.o)
 .ARM.attributes
                0x000003f5       0x31 c:/nxp/lpcxpresso_6.1.2_177/lpcxpresso/tools/bin/../lib/gcc/arm-none-eabi/4.6.2/../../../../arm-none-eabi/lib/armv6-m\libcr_c.a(ftell.o)
 .ARM.attributes
                0x00000426       0x31 c:/nxp/lpcxpresso_6.1.2_177/lpcxpresso/tools/bin/../lib/gcc/arm-none-eabi/4.6.2/../../../../arm-none-eabi/lib/armv6-m\libcr_c.a(remove.o)
 .ARM.attributes
                0x00000457       0x31 c:/nxp/lpcxpresso_6.1.2_177/lpcxpresso/tools/bin/../lib/gcc/arm-none-eabi/4.6.2/../../../../arm-none-eabi/lib/armv6-m\libcr_c.a(strlen.o)
 .ARM.attributes
                0x00000488       0x31 c:/nxp/lpcxpresso_6.1.2_177/lpcxpresso/tools/bin/../lib/gcc/arm-none-eabi/4.6.2/../../../../arm-none-eabi/lib/armv6-m\libcr_c.a(memcpy.o)
 .ARM.attributes
                0x000004b9       0x31 c:/nxp/lpcxpresso_6.1.2_177/lpcxpresso/tools/bin/../lib/gcc/arm-none-eabi/4.6.2/../../../../arm-none-eabi/lib/armv6-m\libcr_c.a(__init_alloc.o)
 .ARM.attributes
                0x000004ea       0x31 c:/nxp/lpcxpresso_6.1.2_177/lpcxpresso/tools/bin/../lib/gcc/arm-none-eabi/4.6.2/../../../../arm-none-eabi/lib/armv6-m\libcr_c.a(_do_fflush.o)
 .ARM.attributes
                0x0000051b       0x31 c:/nxp/lpcxpresso_6.1.2_177/lpcxpresso/tools/bin/../lib/gcc/arm-none-eabi/4.6.2/../../../../arm-none-eabi/lib/armv6-m\libcr_c.a(errno.o)
 .ARM.attributes
                0x0000054c       0x21 c:/nxp/lpcxpresso_6.1.2_177/lpcxpresso/tools/bin/../lib/gcc/arm-none-eabi/4.6.2/armv6-m\libcr_eabihelpers.a(division.o)
 .ARM.attributes
                0x0000056d       0x21 c:/nxp/lpcxpresso_6.1.2_177/lpcxpresso/tools/bin/../lib/gcc/arm-none-eabi/4.6.2/armv6-m\libcr_eabihelpers.a(memcpy.o)
 .ARM.attributes
                0x0000058e       0x21 c:/nxp/lpcxpresso_6.1.2_177/lpcxpresso/tools/bin/../lib/gcc/arm-none-eabi/4.6.2/../../../../arm-none-eabi/lib/armv6-m\libcr_semihost.a(__sys_appexit.o)
 .ARM.attributes
                0x000005af       0x21 c:/nxp/lpcxpresso_6.1.2_177/lpcxpresso/tools/bin/../lib/gcc/arm-none-eabi/4.6.2/../../../../arm-none-eabi/lib/armv6-m\libcr_semihost.a(__sys_close.o)
 .ARM.attributes
                0x000005d0       0x21 c:/nxp/lpcxpresso_6.1.2_177/lpcxpresso/tools/bin/../lib/gcc/arm-none-eabi/4.6.2/../../../../arm-none-eabi/lib/armv6-m\libcr_semihost.a(__sys_flen.o)
 .ARM.attributes
                0x000005f1       0x21 c:/nxp/lpcxpresso_6.1.2_177/lpcxpresso/tools/bin/../lib/gcc/arm-none-eabi/4.6.2/../../../../arm-none-eabi/lib/armv6-m\libcr_semihost.a(__sys_istty.o)
 .ARM.attributes
                0x00000612       0x21 c:/nxp/lpcxpresso_6.1.2_177/lpcxpresso/tools/bin/../lib/gcc/arm-none-eabi/4.6.2/../../../../arm-none-eabi/lib/armv6-m\libcr_semihost.a(__sys_read.o)
 .ARM.attributes
                0x00000633       0x21 c:/nxp/lpcxpresso_6.1.2_177/lpcxpresso/tools/bin/../lib/gcc/arm-none-eabi/4.6.2/../../../../arm-none-eabi/lib/armv6-m\libcr_semihost.a(__sys_readc.o)
 .ARM.attributes
                0x00000654       0x21 c:/nxp/lpcxpresso_6.1.2_177/lpcxpresso/tools/bin/../lib/gcc/arm-none-eabi/4.6.2/../../../../arm-none-eabi/lib/armv6-m\libcr_semihost.a(__sys_remove.o)
 .ARM.attributes
                0x00000675       0x21 c:/nxp/lpcxpresso_6.1.2_177/lpcxpresso/tools/bin/../lib/gcc/arm-none-eabi/4.6.2/../../../../arm-none-eabi/lib/armv6-m\libcr_semihost.a(__sys_rename.o)
 .ARM.attributes
                0x00000696       0x21 c:/nxp/lpcxpresso_6.1.2_177/lpcxpresso/tools/bin/../lib/gcc/arm-none-eabi/4.6.2/../../../../arm-none-eabi/lib/armv6-m\libcr_semihost.a(__sys_seek.o)
 .ARM.attributes
                0x000006b7       0x21 c:/nxp/lpcxpresso_6.1.2_177/lpcxpresso/tools/bin/../lib/gcc/arm-none-eabi/4.6.2/../../../../arm-none-eabi/lib/armv6-m\libcr_semihost.a(__sys_tmpnam.o)
 .ARM.attributes
                0x000006d8       0x21 c:/nxp/lpcxpresso_6.1.2_177/lpcxpresso/tools/bin/../lib/gcc/arm-none-eabi/4.6.2/../../../../arm-none-eabi/lib/armv6-m\libcr_semihost.a(__sys_write.o)
 .ARM.attributes
                0x000006f9       0x31 c:/nxp/lpcxpresso_6.1.2_177/lpcxpresso/tools/bin/../lib/gcc/arm-none-eabi/4.6.2/../../../../arm-none-eabi/lib/armv6-m\libcr_semihost.a(_cr_sbrk.o)
 .ARM.attributes
                0x0000072a       0x31 c:/nxp/lpcxpresso_6.1.2_177/lpcxpresso/tools/bin/../lib/gcc/arm-none-eabi/4.6.2/../../../../arm-none-eabi/lib/armv6-m\libcr_semihost.a(_cr_check_heap.o)

.comment        0x00000000       0xe0
 .comment       0x00000000       0x70 ./src/cr_startup_lpc11xx.o
                                 0x71 (size before relaxing)
 .comment       0x00000000       0x71 ./src/crp.o
 .comment       0x00000000       0x71 ./src/main.o
 .comment       0x00000000       0x71 ./drivers/gpio.o
 .comment       0x00000000       0x71 ./drivers/timer32.o
 .comment       0x00000000       0x71 C:\Users\Conrad\Documents\LPCXpresso_6.1.2_177\workspace\CMSIS_CORE_LPC11xx\Debug\libCMSIS_CORE_LPC11xx.a(system_LPC11xx.o)
 .comment       0x00000070       0x70 c:/nxp/lpcxpresso_6.1.2_177/lpcxpresso/tools/bin/../lib/gcc/arm-none-eabi/4.6.2/../../../../arm-none-eabi/lib/armv6-m\libcr_semihost.a(_cr__main.o)
                                 0x71 (size before relaxing)
 .comment       0x00000000       0x71 c:/nxp/lpcxpresso_6.1.2_177/lpcxpresso/tools/bin/../lib/gcc/arm-none-eabi/4.6.2/../../../../arm-none-eabi/lib/armv6-m\libcr_c.a(initio.o)
 .comment       0x00000000       0x71 c:/nxp/lpcxpresso_6.1.2_177/lpcxpresso/tools/bin/../lib/gcc/arm-none-eabi/4.6.2/../../../../arm-none-eabi/lib/armv6-m\libcr_c.a(setvbuf.o)
 .comment       0x00000000       0x71 c:/nxp/lpcxpresso_6.1.2_177/lpcxpresso/tools/bin/../lib/gcc/arm-none-eabi/4.6.2/../../../../arm-none-eabi/lib/armv6-m\libcr_c.a(stdio.o)
 .comment       0x00000000       0x71 c:/nxp/lpcxpresso_6.1.2_177/lpcxpresso/tools/bin/../lib/gcc/arm-none-eabi/4.6.2/../../../../arm-none-eabi/lib/armv6-m\libcr_c.a(memset.o)
 .comment       0x00000000       0x71 c:/nxp/lpcxpresso_6.1.2_177/lpcxpresso/tools/bin/../lib/gcc/arm-none-eabi/4.6.2/../../../../arm-none-eabi/lib/armv6-m\libcr_c.a(__fillbuf.o)
 .comment       0x00000000       0x71 c:/nxp/lpcxpresso_6.1.2_177/lpcxpresso/tools/bin/../lib/gcc/arm-none-eabi/4.6.2/../../../../arm-none-eabi/lib/armv6-m\libcr_c.a(_deferredlazyseek.o)
 .comment       0x00000000       0x71 c:/nxp/lpcxpresso_6.1.2_177/lpcxpresso/tools/bin/../lib/gcc/arm-none-eabi/4.6.2/../../../../arm-none-eabi/lib/armv6-m\libcr_c.a(_fdopen.o)
 .comment       0x00000000       0x71 c:/nxp/lpcxpresso_6.1.2_177/lpcxpresso/tools/bin/../lib/gcc/arm-none-eabi/4.6.2/../../../../arm-none-eabi/lib/armv6-m\libcr_c.a(_fflush.o)
 .comment       0x00000000       0x71 c:/nxp/lpcxpresso_6.1.2_177/lpcxpresso/tools/bin/../lib/gcc/arm-none-eabi/4.6.2/../../../../arm-none-eabi/lib/armv6-m\libcr_c.a(_writebuf.o)
 .comment       0x00000000       0x71 c:/nxp/lpcxpresso_6.1.2_177/lpcxpresso/tools/bin/../lib/gcc/arm-none-eabi/4.6.2/../../../../arm-none-eabi/lib/armv6-m\libcr_c.a(alloc.o)
 .comment       0x00000000       0x71 c:/nxp/lpcxpresso_6.1.2_177/lpcxpresso/tools/bin/../lib/gcc/arm-none-eabi/4.6.2/../../../../arm-none-eabi/lib/armv6-m\libcr_c.a(fclose.o)
 .comment       0x00000000       0x71 c:/nxp/lpcxpresso_6.1.2_177/lpcxpresso/tools/bin/../lib/gcc/arm-none-eabi/4.6.2/../../../../arm-none-eabi/lib/armv6-m\libcr_c.a(fflush.o)
 .comment       0x00000000       0x71 c:/nxp/lpcxpresso_6.1.2_177/lpcxpresso/tools/bin/../lib/gcc/arm-none-eabi/4.6.2/../../../../arm-none-eabi/lib/armv6-m\libcr_c.a(fseek.o)
 .comment       0x00000000       0x71 c:/nxp/lpcxpresso_6.1.2_177/lpcxpresso/tools/bin/../lib/gcc/arm-none-eabi/4.6.2/../../../../arm-none-eabi/lib/armv6-m\libcr_c.a(ftell.o)
 .comment       0x00000000       0x71 c:/nxp/lpcxpresso_6.1.2_177/lpcxpresso/tools/bin/../lib/gcc/arm-none-eabi/4.6.2/../../../../arm-none-eabi/lib/armv6-m\libcr_c.a(remove.o)
 .comment       0x00000000       0x71 c:/nxp/lpcxpresso_6.1.2_177/lpcxpresso/tools/bin/../lib/gcc/arm-none-eabi/4.6.2/../../../../arm-none-eabi/lib/armv6-m\libcr_c.a(strlen.o)
 .comment       0x00000000       0x71 c:/nxp/lpcxpresso_6.1.2_177/lpcxpresso/tools/bin/../lib/gcc/arm-none-eabi/4.6.2/../../../../arm-none-eabi/lib/armv6-m\libcr_c.a(memcpy.o)
 .comment       0x00000000       0x71 c:/nxp/lpcxpresso_6.1.2_177/lpcxpresso/tools/bin/../lib/gcc/arm-none-eabi/4.6.2/../../../../arm-none-eabi/lib/armv6-m\libcr_c.a(__init_alloc.o)
 .comment       0x00000000       0x71 c:/nxp/lpcxpresso_6.1.2_177/lpcxpresso/tools/bin/../lib/gcc/arm-none-eabi/4.6.2/../../../../arm-none-eabi/lib/armv6-m\libcr_c.a(_do_fflush.o)
 .comment       0x00000000       0x71 c:/nxp/lpcxpresso_6.1.2_177/lpcxpresso/tools/bin/../lib/gcc/arm-none-eabi/4.6.2/../../../../arm-none-eabi/lib/armv6-m\libcr_c.a(errno.o)
 .comment       0x00000000       0x71 c:/nxp/lpcxpresso_6.1.2_177/lpcxpresso/tools/bin/../lib/gcc/arm-none-eabi/4.6.2/../../../../arm-none-eabi/lib/armv6-m\libcr_semihost.a(_cr_sbrk.o)
 .comment       0x00000000       0x71 c:/nxp/lpcxpresso_6.1.2_177/lpcxpresso/tools/bin/../lib/gcc/arm-none-eabi/4.6.2/../../../../arm-none-eabi/lib/armv6-m\libcr_semihost.a(_cr_check_heap.o)

.debug_line     0x00000000     0x13f0
 .debug_line    0x00000000       0x5d ./src/asm_fibinacci.o
 .debug_line    0x0000005d       0xa4 ./src/cr_startup_lpc11xx.o
 .debug_line    0x00000101       0xac ./src/crp.o
 .debug_line    0x000001ad      0x3e1 ./src/main.o
 .debug_line    0x0000058e      0x4f9 ./drivers/gpio.o
 .debug_line    0x00000a87      0x544 ./drivers/timer32.o
 .debug_line    0x00000fcb      0x425 C:\Users\Conrad\Documents\LPCXpresso_6.1.2_177\workspace\CMSIS_CORE_LPC11xx\Debug\libCMSIS_CORE_LPC11xx.a(system_LPC11xx.o)

.debug_info     0x00000000     0x1d7f
 .debug_info    0x00000000       0x8f ./src/asm_fibinacci.o
 .debug_info    0x0000008f      0x252 ./src/cr_startup_lpc11xx.o
 .debug_info    0x000002e1       0x48 ./src/crp.o
 .debug_info    0x00000329       0xce ./src/main.o
 .debug_info    0x000003f7      0x7a0 ./drivers/gpio.o
 .debug_info    0x00000b97      0xd04 ./drivers/timer32.o
 .debug_info    0x0000189b      0x4e4 C:\Users\Conrad\Documents\LPCXpresso_6.1.2_177\workspace\CMSIS_CORE_LPC11xx\Debug\libCMSIS_CORE_LPC11xx.a(system_LPC11xx.o)

.debug_abbrev   0x00000000      0x5bc
 .debug_abbrev  0x00000000       0x14 ./src/asm_fibinacci.o
 .debug_abbrev  0x00000014       0xe5 ./src/cr_startup_lpc11xx.o
 .debug_abbrev  0x000000f9       0x39 ./src/crp.o
 .debug_abbrev  0x00000132       0x84 ./src/main.o
 .debug_abbrev  0x000001b6      0x192 ./drivers/gpio.o
 .debug_abbrev  0x00000348      0x188 ./drivers/timer32.o
 .debug_abbrev  0x000004d0       0xec C:\Users\Conrad\Documents\LPCXpresso_6.1.2_177\workspace\CMSIS_CORE_LPC11xx\Debug\libCMSIS_CORE_LPC11xx.a(system_LPC11xx.o)

.debug_aranges  0x00000000      0x180
 .debug_aranges
                0x00000000       0x20 ./src/asm_fibinacci.o
 .debug_aranges
                0x00000020       0x60 ./src/cr_startup_lpc11xx.o
 .debug_aranges
                0x00000080       0x20 ./src/main.o
 .debug_aranges
                0x000000a0       0x58 ./drivers/gpio.o
 .debug_aranges
                0x000000f8       0x60 ./drivers/timer32.o
 .debug_aranges
                0x00000158       0x28 C:\Users\Conrad\Documents\LPCXpresso_6.1.2_177\workspace\CMSIS_CORE_LPC11xx\Debug\libCMSIS_CORE_LPC11xx.a(system_LPC11xx.o)

.debug_loc      0x00000000      0x6ff
 .debug_loc     0x00000000      0x28f ./src/cr_startup_lpc11xx.o
 .debug_loc     0x0000028f       0x38 ./src/main.o
 .debug_loc     0x000002c7      0x1b4 ./drivers/gpio.o
 .debug_loc     0x0000047b      0x1ec ./drivers/timer32.o
 .debug_loc     0x00000667       0x98 C:\Users\Conrad\Documents\LPCXpresso_6.1.2_177\workspace\CMSIS_CORE_LPC11xx\Debug\libCMSIS_CORE_LPC11xx.a(system_LPC11xx.o)

.debug_ranges   0x00000000      0x110
 .debug_ranges  0x00000000       0x50 ./src/cr_startup_lpc11xx.o
 .debug_ranges  0x00000050       0x10 ./src/main.o
 .debug_ranges  0x00000060       0x48 ./drivers/gpio.o
 .debug_ranges  0x000000a8       0x50 ./drivers/timer32.o
 .debug_ranges  0x000000f8       0x18 C:\Users\Conrad\Documents\LPCXpresso_6.1.2_177\workspace\CMSIS_CORE_LPC11xx\Debug\libCMSIS_CORE_LPC11xx.a(system_LPC11xx.o)

.debug_macinfo  0x00000000    0x1a300
 .debug_macinfo
                0x00000000     0x2288 ./src/cr_startup_lpc11xx.o
 .debug_macinfo
                0x00002288     0x2309 ./src/crp.o
 .debug_macinfo
                0x00004591     0x5a6c ./src/main.o
 .debug_macinfo
                0x00009ffd     0x5567 ./drivers/gpio.o
 .debug_macinfo
                0x0000f564     0x55e2 ./drivers/timer32.o
 .debug_macinfo
                0x00014b46     0x57ba C:\Users\Conrad\Documents\LPCXpresso_6.1.2_177\workspace\CMSIS_CORE_LPC11xx\Debug\libCMSIS_CORE_LPC11xx.a(system_LPC11xx.o)

.debug_str      0x00000000      0xb4b
 .debug_str     0x00000000      0x1c7 ./src/cr_startup_lpc11xx.o
                                0x1da (size before relaxing)
 .debug_str     0x000001c7       0x16 ./src/crp.o
                                 0xba (size before relaxing)
 .debug_str     0x000001dd       0x7b ./src/main.o
                                0x146 (size before relaxing)
 .debug_str     0x00000258      0x33a ./drivers/gpio.o
                                0x44a (size before relaxing)
 .debug_str     0x00000592      0x520 ./drivers/timer32.o
                                0x8a3 (size before relaxing)
 .debug_str     0x00000ab2       0x99 C:\Users\Conrad\Documents\LPCXpresso_6.1.2_177\workspace\CMSIS_CORE_LPC11xx\Debug\libCMSIS_CORE_LPC11xx.a(system_LPC11xx.o)
                                0x3cb (size before relaxing)

.debug_frame    0x00000000      0x398
 .debug_frame   0x00000000       0xec ./src/cr_startup_lpc11xx.o
 .debug_frame   0x000000ec       0x30 ./src/main.o
 .debug_frame   0x0000011c      0x10c ./drivers/gpio.o
 .debug_frame   0x00000228      0x12c ./drivers/timer32.o
 .debug_frame   0x00000354       0x44 C:\Users\Conrad\Documents\LPCXpresso_6.1.2_177\workspace\CMSIS_CORE_LPC11xx\Debug\libCMSIS_CORE_LPC11xx.a(system_LPC11xx.o)
